Archive member included to satisfy reference by file (symbol)

C:/Users/leona/Desktop/led_sandbox/software/test_matrix_ip_bsp/\libhal_bsp.a(alt_load.o)
                              C:/Users/leona/Desktop/led_sandbox/software/test_matrix_ip_bsp//obj/HAL/src/crt0.o (alt_load)
C:/Users/leona/Desktop/led_sandbox/software/test_matrix_ip_bsp/\libhal_bsp.a(alt_main.o)
                              C:/Users/leona/Desktop/led_sandbox/software/test_matrix_ip_bsp//obj/HAL/src/crt0.o (alt_main)
C:/Users/leona/Desktop/led_sandbox/software/test_matrix_ip_bsp/\libhal_bsp.a(alt_sys_init.o)
                              C:/Users/leona/Desktop/led_sandbox/software/test_matrix_ip_bsp/\libhal_bsp.a(alt_main.o) (alt_irq_init)
C:/Users/leona/Desktop/led_sandbox/software/test_matrix_ip_bsp/\libhal_bsp.a(altera_avalon_jtag_uart_fd.o)
                              C:/Users/leona/Desktop/led_sandbox/software/test_matrix_ip_bsp/\libhal_bsp.a(alt_sys_init.o) (altera_avalon_jtag_uart_read_fd)
C:/Users/leona/Desktop/led_sandbox/software/test_matrix_ip_bsp/\libhal_bsp.a(altera_avalon_jtag_uart_init.o)
                              C:/Users/leona/Desktop/led_sandbox/software/test_matrix_ip_bsp/\libhal_bsp.a(alt_sys_init.o) (altera_avalon_jtag_uart_init)
C:/Users/leona/Desktop/led_sandbox/software/test_matrix_ip_bsp/\libhal_bsp.a(altera_avalon_jtag_uart_ioctl.o)
                              C:/Users/leona/Desktop/led_sandbox/software/test_matrix_ip_bsp/\libhal_bsp.a(altera_avalon_jtag_uart_fd.o) (altera_avalon_jtag_uart_ioctl)
C:/Users/leona/Desktop/led_sandbox/software/test_matrix_ip_bsp/\libhal_bsp.a(altera_avalon_jtag_uart_read.o)
                              C:/Users/leona/Desktop/led_sandbox/software/test_matrix_ip_bsp/\libhal_bsp.a(altera_avalon_jtag_uart_fd.o) (altera_avalon_jtag_uart_read)
C:/Users/leona/Desktop/led_sandbox/software/test_matrix_ip_bsp/\libhal_bsp.a(altera_avalon_jtag_uart_write.o)
                              C:/Users/leona/Desktop/led_sandbox/software/test_matrix_ip_bsp/\libhal_bsp.a(altera_avalon_jtag_uart_fd.o) (altera_avalon_jtag_uart_write)
C:/Users/leona/Desktop/led_sandbox/software/test_matrix_ip_bsp/\libhal_bsp.a(altera_avalon_timer_sc.o)
                              C:/Users/leona/Desktop/led_sandbox/software/test_matrix_ip_bsp/\libhal_bsp.a(alt_sys_init.o) (alt_avalon_timer_sc_init)
C:/Users/leona/Desktop/led_sandbox/software/test_matrix_ip_bsp/\libhal_bsp.a(altera_up_avalon_video_dma_controller.o)
                              obj/default/src/main.o (alt_up_video_dma_open_dev)
C:/Users/leona/Desktop/led_sandbox/software/test_matrix_ip_bsp/\libhal_bsp.a(alt_alarm_start.o)
                              C:/Users/leona/Desktop/led_sandbox/software/test_matrix_ip_bsp/\libhal_bsp.a(altera_avalon_jtag_uart_init.o) (alt_alarm_start)
C:/Users/leona/Desktop/led_sandbox/software/test_matrix_ip_bsp/\libhal_bsp.a(alt_close.o)
                              C:/Users/leona/Desktop/led_sandbox/software/test_matrix_ip_bsp/\libhal_bsp.a(alt_main.o) (close)
C:/Users/leona/Desktop/led_sandbox/software/test_matrix_ip_bsp/\libhal_bsp.a(alt_dcache_flush_all.o)
                              C:/Users/leona/Desktop/led_sandbox/software/test_matrix_ip_bsp/\libhal_bsp.a(alt_load.o) (alt_dcache_flush_all)
C:/Users/leona/Desktop/led_sandbox/software/test_matrix_ip_bsp/\libhal_bsp.a(alt_dev.o)
                              C:/Users/leona/Desktop/led_sandbox/software/test_matrix_ip_bsp/\libhal_bsp.a(alt_sys_init.o) (alt_dev_list)
C:/Users/leona/Desktop/led_sandbox/software/test_matrix_ip_bsp/\libhal_bsp.a(alt_dev_llist_insert.o)
                              C:/Users/leona/Desktop/led_sandbox/software/test_matrix_ip_bsp/\libhal_bsp.a(alt_sys_init.o) (alt_dev_llist_insert)
C:/Users/leona/Desktop/led_sandbox/software/test_matrix_ip_bsp/\libhal_bsp.a(alt_do_ctors.o)
                              C:/Users/leona/Desktop/led_sandbox/software/test_matrix_ip_bsp/\libhal_bsp.a(alt_main.o) (_do_ctors)
C:/Users/leona/Desktop/led_sandbox/software/test_matrix_ip_bsp/\libhal_bsp.a(alt_do_dtors.o)
                              C:/Users/leona/Desktop/led_sandbox/software/test_matrix_ip_bsp/\libhal_bsp.a(alt_main.o) (_do_dtors)
C:/Users/leona/Desktop/led_sandbox/software/test_matrix_ip_bsp/\libhal_bsp.a(alt_errno.o)
                              C:/Users/leona/Desktop/led_sandbox/software/test_matrix_ip_bsp/\libhal_bsp.a(alt_close.o) (alt_errno)
C:/Users/leona/Desktop/led_sandbox/software/test_matrix_ip_bsp/\libhal_bsp.a(alt_find_dev.o)
                              C:/Users/leona/Desktop/led_sandbox/software/test_matrix_ip_bsp/\libhal_bsp.a(altera_up_avalon_video_dma_controller.o) (alt_find_dev)
C:/Users/leona/Desktop/led_sandbox/software/test_matrix_ip_bsp/\libhal_bsp.a(alt_icache_flush_all.o)
                              C:/Users/leona/Desktop/led_sandbox/software/test_matrix_ip_bsp/\libhal_bsp.a(alt_load.o) (alt_icache_flush_all)
C:/Users/leona/Desktop/led_sandbox/software/test_matrix_ip_bsp/\libhal_bsp.a(alt_iic.o)
[...]
Memory Configuration

Name             Origin             Length             Attributes
reset            0x0000000004000000 0x0000000000000020
sdram            0x0000000004000020 0x0000000003ffffe0
*default*        0x0000000000000000 0xffffffffffffffff

Linker script and memory map

LOAD C:/Users/leona/Desktop/led_sandbox/software/test_matrix_ip_bsp//obj/HAL/src/crt0.o
LOAD obj/default/src/main.o
LOAD c:/intelfpga_lite/18.1/nios2eds/bin/gnu/h-x86_64-mingw32/bin/../lib/gcc/nios2-elf/5.3.0/../../../../../H-x86_64-mingw32/nios2-elf/lib/mno-hw-mul\libstdc++.a
LOAD c:/intelfpga_lite/18.1/nios2eds/bin/gnu/h-x86_64-mingw32/bin/../lib/gcc/nios2-elf/5.3.0/../../../../../H-x86_64-mingw32/nios2-elf/lib/mno-hw-mul\libm.a
LOAD c:/intelfpga_lite/18.1/nios2eds/bin/gnu/h-x86_64-mingw32/bin/../lib/gcc/nios2-elf/5.3.0/mno-hw-mul\libgcc.a
START GROUP
LOAD c:/intelfpga_lite/18.1/nios2eds/bin/gnu/h-x86_64-mingw32/bin/../lib/gcc/nios2-elf/5.3.0/../../../../../H-x86_64-mingw32/nios2-elf/lib/mno-hw-mul\libc.a
LOAD c:/intelfpga_lite/18.1/nios2eds/bin/gnu/h-x86_64-mingw32/bin/../lib/gcc/nios2-elf/5.3.0/mno-hw-mul\libgcc.a
LOAD C:/Users/leona/Desktop/led_sandbox/software/test_matrix_ip_bsp/\libhal_bsp.a
LOAD c:/intelfpga_lite/18.1/nios2eds/bin/gnu/h-x86_64-mingw32/bin/../lib/gcc/nios2-elf/5.3.0/../../../../../H-x86_64-mingw32/nios2-elf/lib/mno-hw-mul\libm.a
END GROUP
LOAD c:/intelfpga_lite/18.1/nios2eds/bin/gnu/h-x86_64-mingw32/bin/../lib/gcc/nios2-elf/5.3.0/mno-hw-mul\libgcc.a
                0x0000000004000000                __alt_mem_sdram = 0x4000000

.entry          0x0000000004000000       0x20
 *(.entry)
 .entry         0x0000000004000000       0x20 C:/Users/leona/Desktop/led_sandbox/software/test_matrix_ip_bsp//obj/HAL/src/crt0.o
                0x0000000004000000                __reset

.exceptions     0x0000000004000020      0x210
                0x0000000004000020                PROVIDE (__ram_exceptions_start, ABSOLUTE (.))
                0x0000000004000020                . = ALIGN (0x20)
 *(.irq)
 *(.exceptions.entry.label)
 .exceptions.entry.label
                0x0000000004000020        0x0 C:/Users/leona/Desktop/led_sandbox/software/test_matrix_ip_bsp/\libhal_bsp.a(alt_irq_entry.o)
                0x0000000004000020                alt_irq_entry
 .exceptions.entry.label
                0x0000000004000020        0x0 C:/Users/leona/Desktop/led_sandbox/software/test_matrix_ip_bsp/\libhal_bsp.a(alt_exception_entry.o)
                0x0000000004000020                alt_exception
 *(.exceptions.entry.user)
 *(.exceptions.entry.ecc_fatal)
 *(.exceptions.entry)
 .exceptions.entry
                0x0000000004000020       0x54 C:/Users/leona/Desktop/led_sandbox/software/test_matrix_ip_bsp/\libhal_bsp.a(alt_exception_entry.o)
 *(.exceptions.irqtest.user)
 *(.exceptions.irqtest)
 .exceptions.irqtest
                0x0000000004000074       0x10 C:/Users/leona/Desktop/led_sandbox/software/test_matrix_ip_bsp/\libhal_bsp.a(alt_irq_entry.o)
 *(.exceptions.irqhandler.user)
 *(.exceptions.irqhandler)
 .exceptions.irqhandler
                0x0000000004000084        0x4 C:/Users/leona/Desktop/led_sandbox/software/test_matrix_ip_bsp/\libhal_bsp.a(alt_irq_entry.o)
 *(.exceptions.irqreturn.user)
 *(.exceptions.irqreturn)
 .exceptions.irqreturn
                0x0000000004000088        0x4 C:/Users/leona/Desktop/led_sandbox/software/test_matrix_ip_bsp/\libhal_bsp.a(alt_irq_entry.o)
 *(.exceptions.notirq.label)
 .exceptions.notirq.label
                0x000000000400008c        0x0 C:/Users/leona/Desktop/led_sandbox/software/test_matrix_ip_bsp/\libhal_bsp.a(alt_irq_entry.o)
 *(.exceptions.notirq.user)
 *(.exceptions.notirq)
 .exceptions.notirq
                0x000000000400008c        0x8 C:/Users/leona/Desktop/led_sandbox/software/test_matrix_ip_bsp/\libhal_bsp.a(alt_exception_entry.o)
 *(.exceptions.soft.user)
 *(.exceptions.soft)
 *(.exceptions.unknown.user)
 *(.exceptions.unknown)
 .exceptions.unknown
                0x0000000004000094       0x14 C:/Users/leona/Desktop/led_sandbox/software/test_matrix_ip_bsp/\libhal_bsp.a(alt_exception_entry.o)
 *(.exceptions.exit.label)
 .exceptions.exit.label
                0x00000000040000a8        0x0 C:/Users/leona/Desktop/led_sandbox/software/test_matrix_ip_bsp/\libhal_bsp.a(alt_irq_entry.o)
 .exceptions.exit.label
                0x00000000040000a8        0x0 C:/Users/leona/Desktop/led_sandbox/software/test_matrix_ip_bsp/\libhal_bsp.a(alt_exception_entry.o)
 *(.exceptions.exit.user)
 *(.exceptions.exit)
 .exceptions.exit
                0x00000000040000a8       0x54 C:/Users/leona/Desktop/led_sandbox/software/test_matrix_ip_bsp/\libhal_bsp.a(alt_exception_entry.o)
 *(.exceptions)
 .exceptions    0x00000000040000fc       0xd4 C:/Users/leona/Desktop/led_sandbox/software/test_matrix_ip_bsp/\libhal_bsp.a(alt_irq_handler.o)
                0x00000000040000fc                alt_irq_handler
 .exceptions    0x00000000040001d0       0x60 C:/Users/leona/Desktop/led_sandbox/software/test_matrix_ip_bsp/\libhal_bsp.a(alt_instruction_exception_entry.o)
                0x00000000040001d0                alt_instruction_exception_entry
                0x0000000004000230                PROVIDE (__ram_exceptions_end, ABSOLUTE (.))
                0x0000000004000020                PROVIDE (__flash_exceptions_start, LOADADDR (.exceptions))

.text           0x0000000004000230     0x3600
                [!provide]                        PROVIDE (stext, ABSOLUTE (.))
 *(.interp)
 *(.hash)
 *(.dynsym)
 *(.dynstr)
 *(.gnu.version)
 *(.gnu.version_d)
 *(.gnu.version_r)
 *(.rel.init)
 *(.rela.init)
 *(.rel.text .rel.text.* .rel.gnu.linkonce.t.*)
 *(.rela.text .rela.text.* .rela.gnu.linkonce.t.*)
 *(.rel.fini)
 *(.rela.fini)
 *(.rel.rodata .rel.rodata.* .rel.gnu.linkonce.r.*)
 *(.rela.rodata .rela.rodata.* .rela.gnu.linkonce.r.*)
 *(.rel.data .rel.data.* .rel.gnu.linkonce.d.*)
 *(.rela.data .rela.data.* .rela.gnu.linkonce.d.*)
 *(.rel.tdata .rel.tdata.* .rel.gnu.linkonce.td.*)
 *(.rela.tdata .rela.tdata.* .rela.gnu.linkonce.td.*)
 *(.rel.tbss .rel.tbss.* .rel.gnu.linkonce.tb.*)
 *(.rela.tbss .rela.tbss.* .rela.gnu.linkonce.tb.*)
 *(.rel.ctors)
 *(.rela.ctors)
 *(.rel.dtors)
 *(.rela.dtors)
 *(.rel.got)
 *(.rela.got)
 *(.rel.sdata .rel.sdata.* .rel.gnu.linkonce.s.*)
 *(.rela.sdata .rela.sdata.* .rela.gnu.linkonce.s.*)
 *(.rel.sbss .rel.sbss.* .rel.gnu.linkonce.sb.*)
 *(.rela.sbss .rela.sbss.* .rela.gnu.linkonce.sb.*)
 *(.rel.sdata2 .rel.sdata2.* .rel.gnu.linkonce.s2.*)
 *(.rela.sdata2 .rela.sdata2.* .rela.gnu.linkonce.s2.*)
 *(.rel.sbss2 .rel.sbss2.* .rel.gnu.linkonce.sb2.*)
 *(.rela.sbss2 .rela.sbss2.* .rela.gnu.linkonce.sb2.*)
 *(.rel.bss .rel.bss.* .rel.gnu.linkonce.b.*)
 *(.rela.bss .rela.bss.* .rela.gnu.linkonce.b.*)
 *(.rel.plt)
 *(.rela.plt)
 *(.rel.dyn)
 *(.init)
 *(.plt)
 *(.text .stub .text.* .gnu.linkonce.t.*)
 .text          0x0000000004000230       0x3c C:/Users/leona/Desktop/led_sandbox/software/test_matrix_ip_bsp//obj/HAL/src/crt0.o
                0x0000000004000230                _start
 .text          0x000000000400026c       0x94 obj/default/src/main.o
                0x000000000400026c                main
 .text          0x0000000004000300       0xec C:/Users/leona/Desktop/led_sandbox/software/test_matrix_ip_bsp/\libhal_bsp.a(alt_load.o)
                0x0000000004000368                alt_load
 .text          0x00000000040003ec       0x7c C:/Users/leona/Desktop/led_sandbox/software/test_matrix_ip_bsp/\libhal_bsp.a(alt_main.o)
                0x00000000040003ec                alt_main
 .text          0x0000000004000468      0x360 C:/Users/leona/Desktop/led_sandbox/software/test_matrix_ip_bsp/\libhal_bsp.a(alt_sys_init.o)
                0x000000000400049c                alt_irq_init
                0x00000000040004d4                alt_sys_init
 .text          0x00000000040007c8      0x164 C:/Users/leona/Desktop/led_sandbox/software/test_matrix_ip_bsp/\libhal_bsp.a(altera_avalon_jtag_uart_fd.o)
                0x00000000040007c8                altera_avalon_jtag_uart_read_fd
                0x0000000004000828                altera_avalon_jtag_uart_write_fd
                0x0000000004000888                altera_avalon_jtag_uart_close_fd
                0x00000000040008d8                altera_avalon_jtag_uart_ioctl_fd
 .text          0x000000000400092c      0x3d4 C:/Users/leona/Desktop/led_sandbox/software/test_matrix_ip_bsp/\libhal_bsp.a(altera_avalon_jtag_uart_init.o)
                0x000000000400092c                altera_avalon_jtag_uart_init
                0x0000000004000c98                altera_avalon_jtag_uart_close
 .text          0x0000000004000d00       0xf0 C:/Users/leona/Desktop/led_sandbox/software/test_matrix_ip_bsp/\libhal_bsp.a(altera_avalon_jtag_uart_ioctl.o)
                0x0000000004000d00                altera_avalon_jtag_uart_ioctl
 .text          0x0000000004000df0      0x21c C:/Users/leona/Desktop/led_sandbox/software/test_matrix_ip_bsp/\libhal_bsp.a(altera_avalon_jtag_uart_read.o)
                0x0000000004000df0                altera_avalon_jtag_uart_read
 .text          0x000000000400100c      0x224 C:/Users/leona/Desktop/led_sandbox/software/test_matrix_ip_bsp/\libhal_bsp.a(altera_avalon_jtag_uart_write.o)
                0x000000000400100c                altera_avalon_jtag_uart_write
 .text          0x0000000004001230       0xf4 C:/Users/leona/Desktop/led_sandbox/software/test_matrix_ip_bsp/\libhal_bsp.a(altera_avalon_timer_sc.o)
                0x00000000040012a8                alt_avalon_timer_sc_init
 .text          0x0000000004001324      0xf5c C:/Users/leona/Desktop/led_sandbox/software/test_matrix_ip_bsp/\libhal_bsp.a(altera_up_avalon_video_dma_controller.o)
                0x0000000004001324                alt_up_video_dma_open_dev
                0x0000000004001360                alt_up_video_dma_ctrl_set_bb_addr
                0x00000000040013bc                alt_up_video_dma_ctrl_swap_buffers
                0x000000000400141c                alt_up_video_dma_ctrl_check_swap_status
                0x0000000004001450                alt_up_video_dma_draw
                0x00000000040015c4                alt_up_video_dma_draw_box
                0x00000000040018f8                alt_up_video_dma_draw_line
                0x0000000004001b9c                alt_up_video_dma_draw_string
                0x0000000004001de0                alt_up_video_dma_screen_clear
                0x0000000004001e20                alt_up_video_dma_screen_fill
                0x0000000004001e98                alt_up_video_dma_draw_hline
                0x0000000004001fd8                alt_up_video_dma_draw_vline
                0x000000000400213c                alt_up_video_dma_draw_rectangle
                0x0000000004002218                alt_up_video_dma_draw_helper
 .text          0x0000000004002280      0x12c C:/Users/leona/Desktop/led_sandbox/software/test_matrix_ip_bsp/\libhal_bsp.a(alt_alarm_start.o)
                0x0000000004002280                alt_alarm_start
 .text          0x00000000040023ac      0x114 C:/Users/leona/Desktop/led_sandbox/software/test_matrix_ip_bsp/\libhal_bsp.a(alt_close.o)
                0x00000000040023e8                close
 .text          0x00000000040024c0       0x20 C:/Users/leona/Desktop/led_sandbox/software/test_matrix_ip_bsp/\libhal_bsp.a(alt_dcache_flush_all.o)
                0x00000000040024c0                alt_dcache_flush_all
 .text          0x00000000040024e0       0x2c C:/Users/leona/Desktop/led_sandbox/software/test_matrix_ip_bsp/\libhal_bsp.a(alt_dev.o)
 .text          0x000000000400250c       0xe0 C:/Users/leona/Desktop/led_sandbox/software/test_matrix_ip_bsp/\libhal_bsp.a(alt_dev_llist_insert.o)
                0x0000000004002548                alt_dev_llist_insert
 .text          0x00000000040025ec       0x60 C:/Users/leona/Desktop/led_sandbox/software/test_matrix_ip_bsp/\libhal_bsp.a(alt_do_ctors.o)
                0x00000000040025ec                _do_ctors
 .text          0x000000000400264c       0x60 C:/Users/leona/Desktop/led_sandbox/software/test_matrix_ip_bsp/\libhal_bsp.a(alt_do_dtors.o)
                0x000000000400264c                _do_dtors
 .text          0x00000000040026ac        0x0 C:/Users/leona/Desktop/led_sandbox/software/test_matrix_ip_bsp/\libhal_bsp.a(alt_errno.o)
 .text          0x00000000040026ac       0x90 C:/Users/leona/Desktop/led_sandbox/software/test_matrix_ip_bsp/\libhal_bsp.a(alt_find_dev.o)
                0x00000000040026ac                alt_find_dev
 .text          0x000000000400273c       0x20 C:/Users/leona/Desktop/led_sandbox/software/test_matrix_ip_bsp/\libhal_bsp.a(alt_icache_flush_all.o)
                0x000000000400273c                alt_icache_flush_all
 .text          0x000000000400275c      0x1b0 C:/Users/leona/Desktop/led_sandbox/software/test_matrix_ip_bsp/\libhal_bsp.a(alt_iic.o)
                0x000000000400275c                alt_ic_isr_register
                0x00000000040027ac                alt_ic_irq_enable
                0x0000000004002834                alt_ic_irq_disable
                0x00000000040028c0                alt_ic_irq_enabled
 .text          0x000000000400290c       0xf0 C:/Users/leona/Desktop/led_sandbox/software/test_matrix_ip_bsp/\libhal_bsp.a(alt_iic_isr_register.o)
                0x000000000400290c                alt_iic_isr_register
 .text          0x00000000040029fc      0x160 C:/Users/leona/Desktop/led_sandbox/software/test_matrix_ip_bsp/\libhal_bsp.a(alt_io_redirect.o)
                0x0000000004002ae0                alt_io_redirect
 .text          0x0000000004002b5c        0x0 C:/Users/leona/Desktop/led_sandbox/software/test_matrix_ip_bsp/\libhal_bsp.a(alt_irq_entry.o)
 .text          0x0000000004002b5c        0x0 C:/Users/leona/Desktop/led_sandbox/software/test_matrix_ip_bsp/\libhal_bsp.a(alt_irq_handler.o)
 .text          0x0000000004002b5c        0x0 C:/Users/leona/Desktop/led_sandbox/software/test_matrix_ip_bsp/\libhal_bsp.a(alt_irq_vars.o)
 .text          0x0000000004002b5c      0x284 C:/Users/leona/Desktop/led_sandbox/software/test_matrix_ip_bsp/\libhal_bsp.a(alt_open.o)
                0x0000000004002c84                open
 .text          0x0000000004002de0       0x84 C:/Users/leona/Desktop/led_sandbox/software/test_matrix_ip_bsp/\libhal_bsp.a(alt_release_fd.o)
                0x0000000004002de0                alt_release_fd
 .text          0x0000000004002e64      0x1a4 C:/Users/leona/Desktop/led_sandbox/software/test_matrix_ip_bsp/\libhal_bsp.a(alt_tick.o)
                0x0000000004002e64                alt_alarm_stop
                0x0000000004002f00                alt_tick
 .text          0x0000000004003008       0x24 C:/Users/leona/Desktop/led_sandbox/software/test_matrix_ip_bsp/\libhal_bsp.a(altera_nios2_gen2_irq.o)
                0x0000000004003008                altera_nios2_gen2_irq_init
 .text          0x000000000400302c        0x0 C:/Users/leona/Desktop/led_sandbox/software/test_matrix_ip_bsp/\libhal_bsp.a(alt_exception_entry.o)
 .text          0x000000000400302c      0x108 C:/Users/leona/Desktop/led_sandbox/software/test_matrix_ip_bsp/\libhal_bsp.a(alt_find_file.o)
                0x000000000400302c                alt_find_file
 .text          0x0000000004003134       0xc4 C:/Users/leona/Desktop/led_sandbox/software/test_matrix_ip_bsp/\libhal_bsp.a(alt_get_fd.o)
                0x0000000004003134                alt_get_fd
 .text          0x00000000040031f8       0x9c C:/Users/leona/Desktop/led_sandbox/software/test_matrix_ip_bsp/\libhal_bsp.a(alt_instruction_exception_entry.o)
                0x00000000040031f8                alt_exception_cause_generated_bad_addr
 .text          0x0000000004003294        0x0 c:/intelfpga_lite/18.1/nios2eds/bin/gnu/h-x86_64-mingw32/bin/../lib/gcc/nios2-elf/5.3.0/../../../../../H-x86_64-mingw32/nios2-elf/lib/mno-hw-mul\libc.a(lib_a-atexit.o)
 .text.atexit   0x0000000004003294       0x14 c:/intelfpga_lite/18.1/nios2eds/bin/gnu/h-x86_64-mingw32/bin/../lib/gcc/nios2-elf/5.3.0/../../../../../H-x86_64-mingw32/nios2-elf/lib/mno-hw-mul\libc.a(lib_a-atexit.o)
                0x0000000004003294                atexit
 .text          0x00000000040032a8        0x0 c:/intelfpga_lite/18.1/nios2eds/bin/gnu/h-x86_64-mingw32/bin/../lib/gcc/nios2-elf/5.3.0/../../../../../H-x86_64-mingw32/nios2-elf/lib/mno-hw-mul\libc.a(lib_a-exit.o)
 .text.exit     0x00000000040032a8       0x38 c:/intelfpga_lite/18.1/nios2eds/bin/gnu/h-x86_64-mingw32/bin/../lib/gcc/nios2-elf/5.3.0/../../../../../H-x86_64-mingw32/nios2-elf/lib/mno-hw-mul\libc.a(lib_a-exit.o)
                0x00000000040032a8                exit
 .text          0x00000000040032e0        0x0 c:/intelfpga_lite/18.1/nios2eds/bin/gnu/h-x86_64-mingw32/bin/../lib/gcc/nios2-elf/5.3.0/../../../../../H-x86_64-mingw32/nios2-elf/lib/mno-hw-mul\libc.a(lib_a-impure.o)
 .text          0x00000000040032e0        0x0 c:/intelfpga_lite/18.1/nios2eds/bin/gnu/h-x86_64-mingw32/bin/../lib/gcc/nios2-elf/5.3.0/../../../../../H-x86_64-mingw32/nios2-elf/lib/mno-hw-mul\libc.a(lib_a-int_errno.o)
 .text          0x00000000040032e0        0x0 c:/intelfpga_lite/18.1/nios2eds/bin/gnu/h-x86_64-mingw32/bin/../lib/gcc/nios2-elf/5.3.0/../../../../../H-x86_64-mingw32/nios2-elf/lib/mno-hw-mul\libc.a(lib_a-memcmp.o)
 .text.memcmp   0x00000000040032e0       0x7c c:/intelfpga_lite/18.1/nios2eds/bin/gnu/h-x86_64-mingw32/bin/../lib/gcc/nios2-elf/5.3.0/../../../../../H-x86_64-mingw32/nios2-elf/lib/mno-hw-mul\libc.a(lib_a-memcmp.o)
                0x00000000040032e0                memcmp
 .text          0x000000000400335c        0x0 c:/intelfpga_lite/18.1/nios2eds/bin/gnu/h-x86_64-mingw32/bin/../lib/gcc/nios2-elf/5.3.0/../../../../../H-x86_64-mingw32/nios2-elf/lib/mno-hw-mul\libc.a(lib_a-memcpy.o)
 .text.memcpy   0x000000000400335c      0x148 c:/intelfpga_lite/18.1/nios2eds/bin/gnu/h-x86_64-mingw32/bin/../lib/gcc/nios2-elf/5.3.0/../../../../../H-x86_64-mingw32/nios2-elf/lib/mno-hw-mul\libc.a(lib_a-memcpy.o)
                0x000000000400335c                memcpy
 .text          0x00000000040034a4        0x0 c:/intelfpga_lite/18.1/nios2eds/bin/gnu/h-x86_64-mingw32/bin/../lib/gcc/nios2-elf/5.3.0/../../../../../H-x86_64-mingw32/nios2-elf/lib/mno-hw-mul\libc.a(lib_a-strlen.o)
 .text.strlen   0x00000000040034a4       0x98 c:/intelfpga_lite/18.1/nios2eds/bin/gnu/h-x86_64-mingw32/bin/../lib/gcc/nios2-elf/5.3.0/../../../../../H-x86_64-mingw32/nios2-elf/lib/mno-hw-mul\libc.a(lib_a-strlen.o)
                0x00000000040034a4                strlen
 .text          0x000000000400353c        0x0 c:/intelfpga_lite/18.1/nios2eds/bin/gnu/h-x86_64-mingw32/bin/../lib/gcc/nios2-elf/5.3.0/../../../../../H-x86_64-mingw32/nios2-elf/lib/mno-hw-mul\libc.a(lib_a-__atexit.o)
 .text.__register_exitproc
                0x000000000400353c      0x118 c:/intelfpga_lite/18.1/nios2eds/bin/gnu/h-x86_64-mingw32/bin/../lib/gcc/nios2-elf/5.3.0/../../../../../H-x86_64-mingw32/nios2-elf/lib/mno-hw-mul\libc.a(lib_a-__atexit.o)
                0x000000000400353c                __register_exitproc
 .text          0x0000000004003654        0x0 c:/intelfpga_lite/18.1/nios2eds/bin/gnu/h-x86_64-mingw32/bin/../lib/gcc/nios2-elf/5.3.0/../../../../../H-x86_64-mingw32/nios2-elf/lib/mno-hw-mul\libc.a(lib_a-__call_atexit.o)
 .text.__call_exitprocs
                0x0000000004003654      0x180 c:/intelfpga_lite/18.1/nios2eds/bin/gnu/h-x86_64-mingw32/bin/../lib/gcc/nios2-elf/5.3.0/../../../../../H-x86_64-mingw32/nios2-elf/lib/mno-hw-mul\libc.a(lib_a-__call_atexit.o)
                0x0000000004003654                __call_exitprocs
 .text          0x00000000040037d4       0x28 c:/intelfpga_lite/18.1/nios2eds/bin/gnu/h-x86_64-mingw32/bin/../lib/gcc/nios2-elf/5.3.0/mno-hw-mul\libgcc.a(lib2-mul.o)
                0x00000000040037d4                __mulsi3
 .text          0x00000000040037fc       0x34 C:/Users/leona/Desktop/led_sandbox/software/test_matrix_ip_bsp/\libhal_bsp.a(alt_exit.o)
                0x00000000040037fc                _exit
 *(.gnu.warning.*)
 *(.fini)
                [!provide]                        PROVIDE (__etext, ABSOLUTE (.))
                [!provide]                        PROVIDE (_etext, ABSOLUTE (.))
                [!provide]                        PROVIDE (etext, ABSOLUTE (.))
 *(.eh_frame_hdr)
                0x0000000004003830                . = ALIGN (0x4)
                [!provide]                        PROVIDE (__preinit_array_start, ABSOLUTE (.))
 *(.preinit_array)
                [!provide]                        PROVIDE (__preinit_array_end, ABSOLUTE (.))
                [!provide]                        PROVIDE (__init_array_start, ABSOLUTE (.))
 *(.init_array)
                [!provide]                        PROVIDE (__init_array_end, ABSOLUTE (.))
                [!provide]                        PROVIDE (__fini_array_start, ABSOLUTE (.))
 *(.fini_array)
                [!provide]                        PROVIDE (__fini_array_end, ABSOLUTE (.))
 *(.eh_frame)
 *(.gcc_except_table .gcc_except_table.*)
 *(.dynamic)
                0x0000000004003830                PROVIDE (__CTOR_LIST__, ABSOLUTE (.))
 *(.ctors)
 *(SORT(.ctors.*))
                0x0000000004003830                PROVIDE (__CTOR_END__, ABSOLUTE (.))
                0x0000000004003830                PROVIDE (__DTOR_LIST__, ABSOLUTE (.))
 *(.dtors)
 *(SORT(.dtors.*))
                0x0000000004003830                PROVIDE (__DTOR_END__, ABSOLUTE (.))
 *(.jcr)
                0x0000000004003830                . = ALIGN (0x4)

.rodata         0x0000000004003830       0x68
                0x0000000004003830                PROVIDE (__ram_rodata_start, ABSOLUTE (.))
                0x0000000004003830                . = ALIGN (0x4)
 *(.rodata .rodata.* .gnu.linkonce.r.*)
 .rodata        0x0000000004003830       0x1c obj/default/src/main.o
 .rodata        0x000000000400384c        0xf C:/Users/leona/Desktop/led_sandbox/software/test_matrix_ip_bsp/\libhal_bsp.a(alt_main.o)
 *fill*         0x000000000400385b        0x1 
 .rodata        0x000000000400385c       0x2c C:/Users/leona/Desktop/led_sandbox/software/test_matrix_ip_bsp/\libhal_bsp.a(alt_sys_init.o)
 .rodata        0x0000000004003888        0xa C:/Users/leona/Desktop/led_sandbox/software/test_matrix_ip_bsp/\libhal_bsp.a(alt_dev.o)
 *fill*         0x0000000004003892        0x2 
 .rodata.str1.4
                0x0000000004003894        0x4 c:/intelfpga_lite/18.1/nios2eds/bin/gnu/h-x86_64-mingw32/bin/../lib/gcc/nios2-elf/5.3.0/../../../../../H-x86_64-mingw32/nios2-elf/lib/mno-hw-mul\libc.a(lib_a-impure.o)
                                          0x2 (size before relaxing)
 *(.rodata1)
                0x0000000004003898                . = ALIGN (0x4)
                0x0000000004003898                PROVIDE (__ram_rodata_end, ABSOLUTE (.))
                0x0000000004003830                PROVIDE (__flash_rodata_start, LOADADDR (.rodata))

.rwdata         0x0000000004003898     0x16b4 load address 0x0000000004004f4c
                0x0000000004003898                PROVIDE (__ram_rwdata_start, ABSOLUTE (.))
                0x0000000004003898                . = ALIGN (0x4)
 *(.got.plt)
 *(.got)
 *(.data1)
 *(.data .data.* .gnu.linkonce.d.*)
 .data          0x0000000004003898        0x0 C:/Users/leona/Desktop/led_sandbox/software/test_matrix_ip_bsp//obj/HAL/src/crt0.o
 .data          0x0000000004003898        0x0 obj/default/src/main.o
 .data          0x0000000004003898        0x0 C:/Users/leona/Desktop/led_sandbox/software/test_matrix_ip_bsp/\libhal_bsp.a(alt_load.o)
 .data          0x0000000004003898        0x0 C:/Users/leona/Desktop/led_sandbox/software/test_matrix_ip_bsp/\libhal_bsp.a(alt_main.o)
 .data          0x0000000004003898     0x10bc C:/Users/leona/Desktop/led_sandbox/software/test_matrix_ip_bsp/\libhal_bsp.a(alt_sys_init.o)
 .data          0x0000000004004954        0x0 C:/Users/leona/Desktop/led_sandbox/software/test_matrix_ip_bsp/\libhal_bsp.a(altera_avalon_jtag_uart_fd.o)
 .data          0x0000000004004954        0x0 C:/Users/leona/Desktop/led_sandbox/software/test_matrix_ip_bsp/\libhal_bsp.a(altera_avalon_jtag_uart_init.o)
 .data          0x0000000004004954        0x0 C:/Users/leona/Desktop/led_sandbox/software/test_matrix_ip_bsp/\libhal_bsp.a(altera_avalon_jtag_uart_ioctl.o)
 .data          0x0000000004004954        0x0 C:/Users/leona/Desktop/led_sandbox/software/test_matrix_ip_bsp/\libhal_bsp.a(altera_avalon_jtag_uart_read.o)
 .data          0x0000000004004954        0x0 C:/Users/leona/Desktop/led_sandbox/software/test_matrix_ip_bsp/\libhal_bsp.a(altera_avalon_jtag_uart_write.o)
 .data          0x0000000004004954        0x0 C:/Users/leona/Desktop/led_sandbox/software/test_matrix_ip_bsp/\libhal_bsp.a(altera_avalon_timer_sc.o)
 .data          0x0000000004004954        0x0 C:/Users/leona/Desktop/led_sandbox/software/test_matrix_ip_bsp/\libhal_bsp.a(altera_up_avalon_video_dma_controller.o)
 .data          0x0000000004004954        0x0 C:/Users/leona/Desktop/led_sandbox/software/test_matrix_ip_bsp/\libhal_bsp.a(alt_alarm_start.o)
 .data          0x0000000004004954        0x0 C:/Users/leona/Desktop/led_sandbox/software/test_matrix_ip_bsp/\libhal_bsp.a(alt_close.o)
 .data          0x0000000004004954        0x0 C:/Users/leona/Desktop/led_sandbox/software/test_matrix_ip_bsp/\libhal_bsp.a(alt_dcache_flush_all.o)
 .data          0x0000000004004954      0x1a8 C:/Users/leona/Desktop/led_sandbox/software/test_matrix_ip_bsp/\libhal_bsp.a(alt_dev.o)
                0x0000000004004954                alt_dev_null
                0x000000000400497c                alt_fd_list
 .data          0x0000000004004afc        0x0 C:/Users/leona/Desktop/led_sandbox/software/test_matrix_ip_bsp/\libhal_bsp.a(alt_dev_llist_insert.o)
 .data          0x0000000004004afc        0x0 C:/Users/leona/Desktop/led_sandbox/software/test_matrix_ip_bsp/\libhal_bsp.a(alt_do_ctors.o)
 .data          0x0000000004004afc        0x0 C:/Users/leona/Desktop/led_sandbox/software/test_matrix_ip_bsp/\libhal_bsp.a(alt_do_dtors.o)
 .data          0x0000000004004afc        0x0 C:/Users/leona/Desktop/led_sandbox/software/test_matrix_ip_bsp/\libhal_bsp.a(alt_errno.o)
 .data          0x0000000004004afc        0x0 C:/Users/leona/Desktop/led_sandbox/software/test_matrix_ip_bsp/\libhal_bsp.a(alt_find_dev.o)
 .data          0x0000000004004afc        0x0 C:/Users/leona/Desktop/led_sandbox/software/test_matrix_ip_bsp/\libhal_bsp.a(alt_icache_flush_all.o)
 .data          0x0000000004004afc        0x0 C:/Users/leona/Desktop/led_sandbox/software/test_matrix_ip_bsp/\libhal_bsp.a(alt_iic.o)
 .data          0x0000000004004afc        0x0 C:/Users/leona/Desktop/led_sandbox/software/test_matrix_ip_bsp/\libhal_bsp.a(alt_iic_isr_register.o)
 .data          0x0000000004004afc        0x0 C:/Users/leona/Desktop/led_sandbox/software/test_matrix_ip_bsp/\libhal_bsp.a(alt_io_redirect.o)
 .data          0x0000000004004afc        0x0 C:/Users/leona/Desktop/led_sandbox/software/test_matrix_ip_bsp/\libhal_bsp.a(alt_irq_entry.o)
 .data          0x0000000004004afc        0x0 C:/Users/leona/Desktop/led_sandbox/software/test_matrix_ip_bsp/\libhal_bsp.a(alt_irq_handler.o)
 .data          0x0000000004004afc        0x0 C:/Users/leona/Desktop/led_sandbox/software/test_matrix_ip_bsp/\libhal_bsp.a(alt_irq_vars.o)
 .data          0x0000000004004afc        0x0 C:/Users/leona/Desktop/led_sandbox/software/test_matrix_ip_bsp/\libhal_bsp.a(alt_open.o)
 .data          0x0000000004004afc        0x0 C:/Users/leona/Desktop/led_sandbox/software/test_matrix_ip_bsp/\libhal_bsp.a(alt_release_fd.o)
 .data          0x0000000004004afc        0x0 C:/Users/leona/Desktop/led_sandbox/software/test_matrix_ip_bsp/\libhal_bsp.a(alt_tick.o)
 .data          0x0000000004004afc        0x0 C:/Users/leona/Desktop/led_sandbox/software/test_matrix_ip_bsp/\libhal_bsp.a(altera_nios2_gen2_irq.o)
 .data          0x0000000004004afc        0x0 C:/Users/leona/Desktop/led_sandbox/software/test_matrix_ip_bsp/\libhal_bsp.a(alt_exception_entry.o)
 .data          0x0000000004004afc        0x0 C:/Users/leona/Desktop/led_sandbox/software/test_matrix_ip_bsp/\libhal_bsp.a(alt_find_file.o)
 .data          0x0000000004004afc        0x0 C:/Users/leona/Desktop/led_sandbox/software/test_matrix_ip_bsp/\libhal_bsp.a(alt_get_fd.o)
 .data          0x0000000004004afc        0x0 C:/Users/leona/Desktop/led_sandbox/software/test_matrix_ip_bsp/\libhal_bsp.a(alt_instruction_exception_entry.o)
 .data          0x0000000004004afc        0x0 c:/intelfpga_lite/18.1/nios2eds/bin/gnu/h-x86_64-mingw32/bin/../lib/gcc/nios2-elf/5.3.0/../../../../../H-x86_64-mingw32/nios2-elf/lib/mno-hw-mul\libc.a(lib_a-atexit.o)
 .data          0x0000000004004afc        0x0 c:/intelfpga_lite/18.1/nios2eds/bin/gnu/h-x86_64-mingw32/bin/../lib/gcc/nios2-elf/5.3.0/../../../../../H-x86_64-mingw32/nios2-elf/lib/mno-hw-mul\libc.a(lib_a-exit.o)
 .data          0x0000000004004afc        0x0 c:/intelfpga_lite/18.1/nios2eds/bin/gnu/h-x86_64-mingw32/bin/../lib/gcc/nios2-elf/5.3.0/../../../../../H-x86_64-mingw32/nios2-elf/lib/mno-hw-mul\libc.a(lib_a-impure.o)
 .data.impure_data
                0x0000000004004afc      0x424 c:/intelfpga_lite/18.1/nios2eds/bin/gnu/h-x86_64-mingw32/bin/../lib/gcc/nios2-elf/5.3.0/../../../../../H-x86_64-mingw32/nios2-elf/lib/mno-hw-mul\libc.a(lib_a-impure.o)
 .data          0x0000000004004f20        0x0 c:/intelfpga_lite/18.1/nios2eds/bin/gnu/h-x86_64-mingw32/bin/../lib/gcc/nios2-elf/5.3.0/../../../../../H-x86_64-mingw32/nios2-elf/lib/mno-hw-mul\libc.a(lib_a-int_errno.o)
 .data          0x0000000004004f20        0x0 c:/intelfpga_lite/18.1/nios2eds/bin/gnu/h-x86_64-mingw32/bin/../lib/gcc/nios2-elf/5.3.0/../../../../../H-x86_64-mingw32/nios2-elf/lib/mno-hw-mul\libc.a(lib_a-memcmp.o)
 .data          0x0000000004004f20        0x0 c:/intelfpga_lite/18.1/nios2eds/bin/gnu/h-x86_64-mingw32/bin/../lib/gcc/nios2-elf/5.3.0/../../../../../H-x86_64-mingw32/nios2-elf/lib/mno-hw-mul\libc.a(lib_a-memcpy.o)
 .data          0x0000000004004f20        0x0 c:/intelfpga_lite/18.1/nios2eds/bin/gnu/h-x86_64-mingw32/bin/../lib/gcc/nios2-elf/5.3.0/../../../../../H-x86_64-mingw32/nios2-elf/lib/mno-hw-mul\libc.a(lib_a-strlen.o)
 .data          0x0000000004004f20        0x0 c:/intelfpga_lite/18.1/nios2eds/bin/gnu/h-x86_64-mingw32/bin/../lib/gcc/nios2-elf/5.3.0/../../../../../H-x86_64-mingw32/nios2-elf/lib/mno-hw-mul\libc.a(lib_a-__atexit.o)
 .data          0x0000000004004f20        0x0 c:/intelfpga_lite/18.1/nios2eds/bin/gnu/h-x86_64-mingw32/bin/../lib/gcc/nios2-elf/5.3.0/../../../../../H-x86_64-mingw32/nios2-elf/lib/mno-hw-mul\libc.a(lib_a-__call_atexit.o)
 .data          0x0000000004004f20        0x0 c:/intelfpga_lite/18.1/nios2eds/bin/gnu/h-x86_64-mingw32/bin/../lib/gcc/nios2-elf/5.3.0/mno-hw-mul\libgcc.a(lib2-mul.o)
 .data          0x0000000004004f20        0x0 C:/Users/leona/Desktop/led_sandbox/software/test_matrix_ip_bsp/\libhal_bsp.a(alt_exit.o)
                0x000000000400cf20                _gp = ABSOLUTE ((. + 0x8000))
                [!provide]                        PROVIDE (gp, _gp)
 *(.rwdata .rwdata.*)
 *(.sdata .sdata.* .gnu.linkonce.s.*)
 .sdata         0x0000000004004f20       0x14 C:/Users/leona/Desktop/led_sandbox/software/test_matrix_ip_bsp/\libhal_bsp.a(alt_dev.o)
                0x0000000004004f20                alt_fs_list
                0x0000000004004f28                alt_dev_list
                0x0000000004004f30                alt_max_fd
 .sdata         0x0000000004004f34        0x4 C:/Users/leona/Desktop/led_sandbox/software/test_matrix_ip_bsp/\libhal_bsp.a(alt_errno.o)
                0x0000000004004f34                alt_errno
 .sdata         0x0000000004004f38        0x4 C:/Users/leona/Desktop/led_sandbox/software/test_matrix_ip_bsp/\libhal_bsp.a(alt_irq_vars.o)
                0x0000000004004f38                alt_priority_mask
 .sdata         0x0000000004004f3c        0x8 C:/Users/leona/Desktop/led_sandbox/software/test_matrix_ip_bsp/\libhal_bsp.a(alt_tick.o)
                0x0000000004004f3c                alt_alarm_list
 .sdata._global_impure_ptr
                0x0000000004004f44        0x4 c:/intelfpga_lite/18.1/nios2eds/bin/gnu/h-x86_64-mingw32/bin/../lib/gcc/nios2-elf/5.3.0/../../../../../H-x86_64-mingw32/nios2-elf/lib/mno-hw-mul\libc.a(lib_a-impure.o)
                0x0000000004004f44                _global_impure_ptr
 .sdata._impure_ptr
                0x0000000004004f48        0x4 c:/intelfpga_lite/18.1/nios2eds/bin/gnu/h-x86_64-mingw32/bin/../lib/gcc/nios2-elf/5.3.0/../../../../../H-x86_64-mingw32/nios2-elf/lib/mno-hw-mul\libc.a(lib_a-impure.o)
                0x0000000004004f48                _impure_ptr
 *(.sdata2 .sdata2.* .gnu.linkonce.s2.*)
                0x0000000004004f4c                . = ALIGN (0x4)
                0x0000000004004f4c                _edata = ABSOLUTE (.)
                [!provide]                        PROVIDE (edata, ABSOLUTE (.))
                0x0000000004004f4c                PROVIDE (__ram_rwdata_end, ABSOLUTE (.))
                0x0000000004004f4c                PROVIDE (__flash_rwdata_start, LOADADDR (.rwdata))

.bss            0x0000000004006600      0x120
                0x0000000004006600                __bss_start = ABSOLUTE (.)
                [!provide]                        PROVIDE (__sbss_start, ABSOLUTE (.))
                [!provide]                        PROVIDE (___sbss_start, ABSOLUTE (.))
 *(.dynsbss)
 *(.sbss .sbss.* .gnu.linkonce.sb.*)
 .sbss          0x0000000004006600        0xc C:/Users/leona/Desktop/led_sandbox/software/test_matrix_ip_bsp/\libhal_bsp.a(alt_main.o)
                0x0000000004006600                alt_argc
                0x0000000004006604                alt_argv
                0x0000000004006608                alt_envp
 .sbss          0x000000000400660c        0x4 C:/Users/leona/Desktop/led_sandbox/software/test_matrix_ip_bsp/\libhal_bsp.a(alt_irq_vars.o)
                0x000000000400660c                alt_irq_active
 .sbss          0x0000000004006610        0x8 C:/Users/leona/Desktop/led_sandbox/software/test_matrix_ip_bsp/\libhal_bsp.a(alt_tick.o)
                0x0000000004006610                _alt_tick_rate
                0x0000000004006614                _alt_nticks
 .sbss          0x0000000004006618        0x4 C:/Users/leona/Desktop/led_sandbox/software/test_matrix_ip_bsp/\libhal_bsp.a(alt_instruction_exception_entry.o)
                0x0000000004006618                alt_instruction_exception_handler
 .sbss          0x000000000400661c        0x4 c:/intelfpga_lite/18.1/nios2eds/bin/gnu/h-x86_64-mingw32/bin/../lib/gcc/nios2-elf/5.3.0/../../../../../H-x86_64-mingw32/nios2-elf/lib/mno-hw-mul\libc.a(lib_a-int_errno.o)
                0x000000000400661c                errno
 *(.sbss2 .sbss2.* .gnu.linkonce.sb2.*)
 *(.scommon)
                [!provide]                        PROVIDE (__sbss_end, ABSOLUTE (.))
                [!provide]                        PROVIDE (___sbss_end, ABSOLUTE (.))
 *(.dynbss)
 *(.bss .bss.* .gnu.linkonce.b.*)
 .bss           0x0000000004006620        0x0 C:/Users/leona/Desktop/led_sandbox/software/test_matrix_ip_bsp//obj/HAL/src/crt0.o
 .bss           0x0000000004006620        0x0 obj/default/src/main.o
 .bss           0x0000000004006620        0x0 C:/Users/leona/Desktop/led_sandbox/software/test_matrix_ip_bsp/\libhal_bsp.a(alt_load.o)
 .bss           0x0000000004006620        0x0 C:/Users/leona/Desktop/led_sandbox/software/test_matrix_ip_bsp/\libhal_bsp.a(alt_main.o)
 .bss           0x0000000004006620        0x0 C:/Users/leona/Desktop/led_sandbox/software/test_matrix_ip_bsp/\libhal_bsp.a(alt_sys_init.o)
 .bss           0x0000000004006620        0x0 C:/Users/leona/Desktop/led_sandbox/software/test_matrix_ip_bsp/\libhal_bsp.a(altera_avalon_jtag_uart_fd.o)
 .bss           0x0000000004006620        0x0 C:/Users/leona/Desktop/led_sandbox/software/test_matrix_ip_bsp/\libhal_bsp.a(altera_avalon_jtag_uart_init.o)
 .bss           0x0000000004006620        0x0 C:/Users/leona/Desktop/led_sandbox/software/test_matrix_ip_bsp/\libhal_bsp.a(altera_avalon_jtag_uart_ioctl.o)
 .bss           0x0000000004006620        0x0 C:/Users/leona/Desktop/led_sandbox/software/test_matrix_ip_bsp/\libhal_bsp.a(altera_avalon_jtag_uart_read.o)
 .bss           0x0000000004006620        0x0 C:/Users/leona/Desktop/led_sandbox/software/test_matrix_ip_bsp/\libhal_bsp.a(altera_avalon_jtag_uart_write.o)
 .bss           0x0000000004006620        0x0 C:/Users/leona/Desktop/led_sandbox/software/test_matrix_ip_bsp/\libhal_bsp.a(altera_avalon_timer_sc.o)
 .bss           0x0000000004006620        0x0 C:/Users/leona/Desktop/led_sandbox/software/test_matrix_ip_bsp/\libhal_bsp.a(altera_up_avalon_video_dma_controller.o)
 .bss           0x0000000004006620        0x0 C:/Users/leona/Desktop/led_sandbox/software/test_matrix_ip_bsp/\libhal_bsp.a(alt_alarm_start.o)
 .bss           0x0000000004006620        0x0 C:/Users/leona/Desktop/led_sandbox/software/test_matrix_ip_bsp/\libhal_bsp.a(alt_close.o)
 .bss           0x0000000004006620        0x0 C:/Users/leona/Desktop/led_sandbox/software/test_matrix_ip_bsp/\libhal_bsp.a(alt_dcache_flush_all.o)
 .bss           0x0000000004006620        0x0 C:/Users/leona/Desktop/led_sandbox/software/test_matrix_ip_bsp/\libhal_bsp.a(alt_dev.o)
 .bss           0x0000000004006620        0x0 C:/Users/leona/Desktop/led_sandbox/software/test_matrix_ip_bsp/\libhal_bsp.a(alt_dev_llist_insert.o)
 .bss           0x0000000004006620        0x0 C:/Users/leona/Desktop/led_sandbox/software/test_matrix_ip_bsp/\libhal_bsp.a(alt_do_ctors.o)
 .bss           0x0000000004006620        0x0 C:/Users/leona/Desktop/led_sandbox/software/test_matrix_ip_bsp/\libhal_bsp.a(alt_do_dtors.o)
 .bss           0x0000000004006620        0x0 C:/Users/leona/Desktop/led_sandbox/software/test_matrix_ip_bsp/\libhal_bsp.a(alt_errno.o)
 .bss           0x0000000004006620        0x0 C:/Users/leona/Desktop/led_sandbox/software/test_matrix_ip_bsp/\libhal_bsp.a(alt_find_dev.o)
 .bss           0x0000000004006620        0x0 C:/Users/leona/Desktop/led_sandbox/software/test_matrix_ip_bsp/\libhal_bsp.a(alt_icache_flush_all.o)
 .bss           0x0000000004006620        0x0 C:/Users/leona/Desktop/led_sandbox/software/test_matrix_ip_bsp/\libhal_bsp.a(alt_iic.o)
 .bss           0x0000000004006620        0x0 C:/Users/leona/Desktop/led_sandbox/software/test_matrix_ip_bsp/\libhal_bsp.a(alt_iic_isr_register.o)
 .bss           0x0000000004006620        0x0 C:/Users/leona/Desktop/led_sandbox/software/test_matrix_ip_bsp/\libhal_bsp.a(alt_io_redirect.o)
 .bss           0x0000000004006620        0x0 C:/Users/leona/Desktop/led_sandbox/software/test_matrix_ip_bsp/\libhal_bsp.a(alt_irq_entry.o)
 .bss           0x0000000004006620        0x0 C:/Users/leona/Desktop/led_sandbox/software/test_matrix_ip_bsp/\libhal_bsp.a(alt_irq_handler.o)
 .bss           0x0000000004006620        0x0 C:/Users/leona/Desktop/led_sandbox/software/test_matrix_ip_bsp/\libhal_bsp.a(alt_irq_vars.o)
 .bss           0x0000000004006620        0x0 C:/Users/leona/Desktop/led_sandbox/software/test_matrix_ip_bsp/\libhal_bsp.a(alt_open.o)
 .bss           0x0000000004006620        0x0 C:/Users/leona/Desktop/led_sandbox/software/test_matrix_ip_bsp/\libhal_bsp.a(alt_release_fd.o)
 .bss           0x0000000004006620        0x0 C:/Users/leona/Desktop/led_sandbox/software/test_matrix_ip_bsp/\libhal_bsp.a(alt_tick.o)
 .bss           0x0000000004006620        0x0 C:/Users/leona/Desktop/led_sandbox/software/test_matrix_ip_bsp/\libhal_bsp.a(altera_nios2_gen2_irq.o)
 .bss           0x0000000004006620        0x0 C:/Users/leona/Desktop/led_sandbox/software/test_matrix_ip_bsp/\libhal_bsp.a(alt_exception_entry.o)
 .bss           0x0000000004006620        0x0 C:/Users/leona/Desktop/led_sandbox/software/test_matrix_ip_bsp/\libhal_bsp.a(alt_find_file.o)
 .bss           0x0000000004006620        0x0 C:/Users/leona/Desktop/led_sandbox/software/test_matrix_ip_bsp/\libhal_bsp.a(alt_get_fd.o)
 .bss           0x0000000004006620        0x0 C:/Users/leona/Desktop/led_sandbox/software/test_matrix_ip_bsp/\libhal_bsp.a(alt_instruction_exception_entry.o)
 .bss           0x0000000004006620        0x0 c:/intelfpga_lite/18.1/nios2eds/bin/gnu/h-x86_64-mingw32/bin/../lib/gcc/nios2-elf/5.3.0/../../../../../H-x86_64-mingw32/nios2-elf/lib/mno-hw-mul\libc.a(lib_a-atexit.o)
 .bss           0x0000000004006620        0x0 c:/intelfpga_lite/18.1/nios2eds/bin/gnu/h-x86_64-mingw32/bin/../lib/gcc/nios2-elf/5.3.0/../../../../../H-x86_64-mingw32/nios2-elf/lib/mno-hw-mul\libc.a(lib_a-exit.o)
 .bss           0x0000000004006620        0x0 c:/intelfpga_lite/18.1/nios2eds/bin/gnu/h-x86_64-mingw32/bin/../lib/gcc/nios2-elf/5.3.0/../../../../../H-x86_64-mingw32/nios2-elf/lib/mno-hw-mul\libc.a(lib_a-impure.o)
 .bss           0x0000000004006620        0x0 c:/intelfpga_lite/18.1/nios2eds/bin/gnu/h-x86_64-mingw32/bin/../lib/gcc/nios2-elf/5.3.0/../../../../../H-x86_64-mingw32/nios2-elf/lib/mno-hw-mul\libc.a(lib_a-int_errno.o)
 .bss           0x0000000004006620        0x0 c:/intelfpga_lite/18.1/nios2eds/bin/gnu/h-x86_64-mingw32/bin/../lib/gcc/nios2-elf/5.3.0/../../../../../H-x86_64-mingw32/nios2-elf/lib/mno-hw-mul\libc.a(lib_a-memcmp.o)
 .bss           0x0000000004006620        0x0 c:/intelfpga_lite/18.1/nios2eds/bin/gnu/h-x86_64-mingw32/bin/../lib/gcc/nios2-elf/5.3.0/../../../../../H-x86_64-mingw32/nios2-elf/lib/mno-hw-mul\libc.a(lib_a-memcpy.o)
 .bss           0x0000000004006620        0x0 c:/intelfpga_lite/18.1/nios2eds/bin/gnu/h-x86_64-mingw32/bin/../lib/gcc/nios2-elf/5.3.0/../../../../../H-x86_64-mingw32/nios2-elf/lib/mno-hw-mul\libc.a(lib_a-strlen.o)
 .bss           0x0000000004006620        0x0 c:/intelfpga_lite/18.1/nios2eds/bin/gnu/h-x86_64-mingw32/bin/../lib/gcc/nios2-elf/5.3.0/../../../../../H-x86_64-mingw32/nios2-elf/lib/mno-hw-mul\libc.a(lib_a-__atexit.o)
 .bss           0x0000000004006620        0x0 c:/intelfpga_lite/18.1/nios2eds/bin/gnu/h-x86_64-mingw32/bin/../lib/gcc/nios2-elf/5.3.0/../../../../../H-x86_64-mingw32/nios2-elf/lib/mno-hw-mul\libc.a(lib_a-__call_atexit.o)
 .bss           0x0000000004006620        0x0 c:/intelfpga_lite/18.1/nios2eds/bin/gnu/h-x86_64-mingw32/bin/../lib/gcc/nios2-elf/5.3.0/mno-hw-mul\libgcc.a(lib2-mul.o)
 .bss           0x0000000004006620        0x0 C:/Users/leona/Desktop/led_sandbox/software/test_matrix_ip_bsp/\libhal_bsp.a(alt_exit.o)
 *(COMMON)
 COMMON         0x0000000004006620      0x100 C:/Users/leona/Desktop/led_sandbox/software/test_matrix_ip_bsp/\libhal_bsp.a(alt_irq_handler.o)
                0x0000000004006620                alt_irq
                0x0000000004006720                . = ALIGN (0x4)
                0x0000000004006720                __bss_end = ABSOLUTE (.)

.sdram          0x0000000004006720        0x0
                [!provide]                        PROVIDE (_alt_partition_sdram_start, ABSOLUTE (.))
 *(.sdram .sdram. sdram.*)
                0x0000000004006720                . = ALIGN (0x4)
                [!provide]                        PROVIDE (_alt_partition_sdram_end, ABSOLUTE (.))
                0x0000000004006720                _end = ABSOLUTE (.)
                0x0000000004006720                end = ABSOLUTE (.)
                0x0000000004006720                __alt_stack_base = ABSOLUTE (.)
                [!provide]                        PROVIDE (_alt_partition_sdram_load_addr, LOADADDR (.sdram))

.stab
 *(.stab)

.stabstr
 *(.stabstr)

.stab.excl
 *(.stab.excl)

.stab.exclstr
 *(.stab.exclstr)

.stab.index
 *(.stab.index)

.stab.indexstr
 *(.stab.indexstr)

.comment        0x0000000000000000       0x23
 *(.comment)
 .comment       0x0000000000000000       0x23 obj/default/src/main.o
                                         0x24 (size before relaxing)
 .comment       0x0000000000000023       0x24 C:/Users/leona/Desktop/led_sandbox/software/test_matrix_ip_bsp/\libhal_bsp.a(alt_load.o)
 .comment       0x0000000000000023       0x24 C:/Users/leona/Desktop/led_sandbox/software/test_matrix_ip_bsp/\libhal_bsp.a(alt_main.o)
 .comment       0x0000000000000023       0x24 C:/Users/leona/Desktop/led_sandbox/software/test_matrix_ip_bsp/\libhal_bsp.a(alt_sys_init.o)
 .comment       0x0000000000000023       0x24 C:/Users/leona/Desktop/led_sandbox/software/test_matrix_ip_bsp/\libhal_bsp.a(altera_avalon_jtag_uart_fd.o)
 .comment       0x0000000000000023       0x24 C:/Users/leona/Desktop/led_sandbox/software/test_matrix_ip_bsp/\libhal_bsp.a(altera_avalon_jtag_uart_init.o)
 .comment       0x0000000000000023       0x24 C:/Users/leona/Desktop/led_sandbox/software/test_matrix_ip_bsp/\libhal_bsp.a(altera_avalon_jtag_uart_ioctl.o)
 .comment       0x0000000000000023       0x24 C:/Users/leona/Desktop/led_sandbox/software/test_matrix_ip_bsp/\libhal_bsp.a(altera_avalon_jtag_uart_read.o)
 .comment       0x0000000000000023       0x24 C:/Users/leona/Desktop/led_sandbox/software/test_matrix_ip_bsp/\libhal_bsp.a(altera_avalon_jtag_uart_write.o)
 .comment       0x0000000000000023       0x24 C:/Users/leona/Desktop/led_sandbox/software/test_matrix_ip_bsp/\libhal_bsp.a(altera_avalon_timer_sc.o)
 .comment       0x0000000000000023       0x24 C:/Users/leona/Desktop/led_sandbox/software/test_matrix_ip_bsp/\libhal_bsp.a(altera_up_avalon_video_dma_controller.o)
 .comment       0x0000000000000023       0x24 C:/Users/leona/Desktop/led_sandbox/software/test_matrix_ip_bsp/\libhal_bsp.a(alt_alarm_start.o)
 .comment       0x0000000000000023       0x24 C:/Users/leona/Desktop/led_sandbox/software/test_matrix_ip_bsp/\libhal_bsp.a(alt_close.o)
 .comment       0x0000000000000023       0x24 C:/Users/leona/Desktop/led_sandbox/software/test_matrix_ip_bsp/\libhal_bsp.a(alt_dcache_flush_all.o)
 .comment       0x0000000000000023       0x24 C:/Users/leona/Desktop/led_sandbox/software/test_matrix_ip_bsp/\libhal_bsp.a(alt_dev.o)
 .comment       0x0000000000000023       0x24 C:/Users/leona/Desktop/led_sandbox/software/test_matrix_ip_bsp/\libhal_bsp.a(alt_dev_llist_insert.o)
 .comment       0x0000000000000023       0x24 C:/Users/leona/Desktop/led_sandbox/software/test_matrix_ip_bsp/\libhal_bsp.a(alt_do_ctors.o)
 .comment       0x0000000000000023       0x24 C:/Users/leona/Desktop/led_sandbox/software/test_matrix_ip_bsp/\libhal_bsp.a(alt_do_dtors.o)
 .comment       0x0000000000000023       0x24 C:/Users/leona/Desktop/led_sandbox/software/test_matrix_ip_bsp/\libhal_bsp.a(alt_errno.o)
 .comment       0x0000000000000023       0x24 C:/Users/leona/Desktop/led_sandbox/software/test_matrix_ip_bsp/\libhal_bsp.a(alt_find_dev.o)
 .comment       0x0000000000000023       0x24 C:/Users/leona/Desktop/led_sandbox/software/test_matrix_ip_bsp/\libhal_bsp.a(alt_icache_flush_all.o)
 .comment       0x0000000000000023       0x24 C:/Users/leona/Desktop/led_sandbox/software/test_matrix_ip_bsp/\libhal_bsp.a(alt_iic.o)
 .comment       0x0000000000000023       0x24 C:/Users/leona/Desktop/led_sandbox/software/test_matrix_ip_bsp/\libhal_bsp.a(alt_iic_isr_register.o)
 .comment       0x0000000000000023       0x24 C:/Users/leona/Desktop/led_sandbox/software/test_matrix_ip_bsp/\libhal_bsp.a(alt_io_redirect.o)
 .comment       0x0000000000000023       0x24 C:/Users/leona/Desktop/led_sandbox/software/test_matrix_ip_bsp/\libhal_bsp.a(alt_irq_handler.o)
 .comment       0x0000000000000023       0x24 C:/Users/leona/Desktop/led_sandbox/software/test_matrix_ip_bsp/\libhal_bsp.a(alt_irq_vars.o)
 .comment       0x0000000000000023       0x24 C:/Users/leona/Desktop/led_sandbox/software/test_matrix_ip_bsp/\libhal_bsp.a(alt_open.o)
 .comment       0x0000000000000023       0x24 C:/Users/leona/Desktop/led_sandbox/software/test_matrix_ip_bsp/\libhal_bsp.a(alt_release_fd.o)
 .comment       0x0000000000000023       0x24 C:/Users/leona/Desktop/led_sandbox/software/test_matrix_ip_bsp/\libhal_bsp.a(alt_tick.o)
 .comment       0x0000000000000023       0x24 C:/Users/leona/Desktop/led_sandbox/software/test_matrix_ip_bsp/\libhal_bsp.a(altera_nios2_gen2_irq.o)
 .comment       0x0000000000000023       0x24 C:/Users/leona/Desktop/led_sandbox/software/test_matrix_ip_bsp/\libhal_bsp.a(alt_find_file.o)
 .comment       0x0000000000000023       0x24 C:/Users/leona/Desktop/led_sandbox/software/test_matrix_ip_bsp/\libhal_bsp.a(alt_get_fd.o)
 .comment       0x0000000000000023       0x24 C:/Users/leona/Desktop/led_sandbox/software/test_matrix_ip_bsp/\libhal_bsp.a(alt_instruction_exception_entry.o)
 .comment       0x0000000000000023       0x24 c:/intelfpga_lite/18.1/nios2eds/bin/gnu/h-x86_64-mingw32/bin/../lib/gcc/nios2-elf/5.3.0/../../../../../H-x86_64-mingw32/nios2-elf/lib/mno-hw-mul\libc.a(lib_a-atexit.o)
 .comment       0x0000000000000023       0x24 c:/intelfpga_lite/18.1/nios2eds/bin/gnu/h-x86_64-mingw32/bin/../lib/gcc/nios2-elf/5.3.0/../../../../../H-x86_64-mingw32/nios2-elf/lib/mno-hw-mul\libc.a(lib_a-exit.o)
 .comment       0x0000000000000023       0x24 c:/intelfpga_lite/18.1/nios2eds/bin/gnu/h-x86_64-mingw32/bin/../lib/gcc/nios2-elf/5.3.0/../../../../../H-x86_64-mingw32/nios2-elf/lib/mno-hw-mul\libc.a(lib_a-impure.o)
 .comment       0x0000000000000023       0x24 c:/intelfpga_lite/18.1/nios2eds/bin/gnu/h-x86_64-mingw32/bin/../lib/gcc/nios2-elf/5.3.0/../../../../../H-x86_64-mingw32/nios2-elf/lib/mno-hw-mul\libc.a(lib_a-int_errno.o)
 .comment       0x0000000000000023       0x24 c:/intelfpga_lite/18.1/nios2eds/bin/gnu/h-x86_64-mingw32/bin/../lib/gcc/nios2-elf/5.3.0/../../../../../H-x86_64-mingw32/nios2-elf/lib/mno-hw-mul\libc.a(lib_a-memcmp.o)
 .comment       0x0000000000000023       0x24 c:/intelfpga_lite/18.1/nios2eds/bin/gnu/h-x86_64-mingw32/bin/../lib/gcc/nios2-elf/5.3.0/../../../../../H-x86_64-mingw32/nios2-elf/lib/mno-hw-mul\libc.a(lib_a-memcpy.o)
 .comment       0x0000000000000023       0x24 c:/intelfpga_lite/18.1/nios2eds/bin/gnu/h-x86_64-mingw32/bin/../lib/gcc/nios2-elf/5.3.0/../../../../../H-x86_64-mingw32/nios2-elf/lib/mno-hw-mul\libc.a(lib_a-strlen.o)
 .comment       0x0000000000000023       0x24 c:/intelfpga_lite/18.1/nios2eds/bin/gnu/h-x86_64-mingw32/bin/../lib/gcc/nios2-elf/5.3.0/../../../../../H-x86_64-mingw32/nios2-elf/lib/mno-hw-mul\libc.a(lib_a-__atexit.o)
 .comment       0x0000000000000023       0x24 c:/intelfpga_lite/18.1/nios2eds/bin/gnu/h-x86_64-mingw32/bin/../lib/gcc/nios2-elf/5.3.0/../../../../../H-x86_64-mingw32/nios2-elf/lib/mno-hw-mul\libc.a(lib_a-__call_atexit.o)
 .comment       0x0000000000000023       0x24 c:/intelfpga_lite/18.1/nios2eds/bin/gnu/h-x86_64-mingw32/bin/../lib/gcc/nios2-elf/5.3.0/mno-hw-mul\libgcc.a(lib2-mul.o)
 .comment       0x0000000000000023       0x24 C:/Users/leona/Desktop/led_sandbox/software/test_matrix_ip_bsp/\libhal_bsp.a(alt_exit.o)

.debug
 *(.debug)

.line
 *(.line)

.debug_srcinfo
 *(.debug_srcinfo)

.debug_sfnames
 *(.debug_sfnames)

.debug_aranges  0x0000000000000000      0x5f8
 *(.debug_aranges)
 .debug_aranges
                0x0000000000000000       0x28 C:/Users/leona/Desktop/led_sandbox/software/test_matrix_ip_bsp//obj/HAL/src/crt0.o
 .debug_aranges
                0x0000000000000028       0x20 obj/default/src/main.o
 .debug_aranges
                0x0000000000000048       0x20 C:/Users/leona/Desktop/led_sandbox/software/test_matrix_ip_bsp/\libhal_bsp.a(alt_load.o)
 .debug_aranges
                0x0000000000000068       0x20 C:/Users/leona/Desktop/led_sandbox/software/test_matrix_ip_bsp/\libhal_bsp.a(alt_main.o)
 .debug_aranges
                0x0000000000000088       0x20 C:/Users/leona/Desktop/led_sandbox/software/test_matrix_ip_bsp/\libhal_bsp.a(alt_sys_init.o)
 .debug_aranges
                0x00000000000000a8       0x20 C:/Users/leona/Desktop/led_sandbox/software/test_matrix_ip_bsp/\libhal_bsp.a(altera_avalon_jtag_uart_fd.o)
 .debug_aranges
                0x00000000000000c8       0x20 C:/Users/leona/Desktop/led_sandbox/software/test_matrix_ip_bsp/\libhal_bsp.a(altera_avalon_jtag_uart_init.o)
 .debug_aranges
                0x00000000000000e8       0x20 C:/Users/leona/Desktop/led_sandbox/software/test_matrix_ip_bsp/\libhal_bsp.a(altera_avalon_jtag_uart_ioctl.o)
 .debug_aranges
                0x0000000000000108       0x20 C:/Users/leona/Desktop/led_sandbox/software/test_matrix_ip_bsp/\libhal_bsp.a(altera_avalon_jtag_uart_read.o)
 .debug_aranges
                0x0000000000000128       0x20 C:/Users/leona/Desktop/led_sandbox/software/test_matrix_ip_bsp/\libhal_bsp.a(altera_avalon_jtag_uart_write.o)
 .debug_aranges
                0x0000000000000148       0x20 C:/Users/leona/Desktop/led_sandbox/software/test_matrix_ip_bsp/\libhal_bsp.a(altera_avalon_timer_sc.o)
 .debug_aranges
                0x0000000000000168       0x20 C:/Users/leona/Desktop/led_sandbox/software/test_matrix_ip_bsp/\libhal_bsp.a(altera_up_avalon_video_dma_controller.o)
 .debug_aranges
                0x0000000000000188       0x20 C:/Users/leona/Desktop/led_sandbox/software/test_matrix_ip_bsp/\libhal_bsp.a(alt_alarm_start.o)
 .debug_aranges
                0x00000000000001a8       0x20 C:/Users/leona/Desktop/led_sandbox/software/test_matrix_ip_bsp/\libhal_bsp.a(alt_close.o)
 .debug_aranges
                0x00000000000001c8       0x20 C:/Users/leona/Desktop/led_sandbox/software/test_matrix_ip_bsp/\libhal_bsp.a(alt_dcache_flush_all.o)
 .debug_aranges
                0x00000000000001e8       0x20 C:/Users/leona/Desktop/led_sandbox/software/test_matrix_ip_bsp/\libhal_bsp.a(alt_dev.o)
 .debug_aranges
                0x0000000000000208       0x20 C:/Users/leona/Desktop/led_sandbox/software/test_matrix_ip_bsp/\libhal_bsp.a(alt_dev_llist_insert.o)
 .debug_aranges
                0x0000000000000228       0x20 C:/Users/leona/Desktop/led_sandbox/software/test_matrix_ip_bsp/\libhal_bsp.a(alt_do_ctors.o)
 .debug_aranges
                0x0000000000000248       0x20 C:/Users/leona/Desktop/led_sandbox/software/test_matrix_ip_bsp/\libhal_bsp.a(alt_do_dtors.o)
 .debug_aranges
                0x0000000000000268       0x18 C:/Users/leona/Desktop/led_sandbox/software/test_matrix_ip_bsp/\libhal_bsp.a(alt_errno.o)
 .debug_aranges
                0x0000000000000280       0x20 C:/Users/leona/Desktop/led_sandbox/software/test_matrix_ip_bsp/\libhal_bsp.a(alt_find_dev.o)
 .debug_aranges
                0x00000000000002a0       0x20 C:/Users/leona/Desktop/led_sandbox/software/test_matrix_ip_bsp/\libhal_bsp.a(alt_icache_flush_all.o)
 .debug_aranges
                0x00000000000002c0       0x20 C:/Users/leona/Desktop/led_sandbox/software/test_matrix_ip_bsp/\libhal_bsp.a(alt_iic.o)
 .debug_aranges
                0x00000000000002e0       0x20 C:/Users/leona/Desktop/led_sandbox/software/test_matrix_ip_bsp/\libhal_bsp.a(alt_iic_isr_register.o)
 .debug_aranges
                0x0000000000000300       0x20 C:/Users/leona/Desktop/led_sandbox/software/test_matrix_ip_bsp/\libhal_bsp.a(alt_io_redirect.o)
 .debug_aranges
                0x0000000000000320       0x30 C:/Users/leona/Desktop/led_sandbox/software/test_matrix_ip_bsp/\libhal_bsp.a(alt_irq_entry.o)
 .debug_aranges
                0x0000000000000350       0x20 C:/Users/leona/Desktop/led_sandbox/software/test_matrix_ip_bsp/\libhal_bsp.a(alt_irq_handler.o)
 .debug_aranges
                0x0000000000000370       0x18 C:/Users/leona/Desktop/led_sandbox/software/test_matrix_ip_bsp/\libhal_bsp.a(alt_irq_vars.o)
 .debug_aranges
                0x0000000000000388       0x20 C:/Users/leona/Desktop/led_sandbox/software/test_matrix_ip_bsp/\libhal_bsp.a(alt_open.o)
 .debug_aranges
                0x00000000000003a8       0x20 C:/Users/leona/Desktop/led_sandbox/software/test_matrix_ip_bsp/\libhal_bsp.a(alt_release_fd.o)
 .debug_aranges
                0x00000000000003c8       0x20 C:/Users/leona/Desktop/led_sandbox/software/test_matrix_ip_bsp/\libhal_bsp.a(alt_tick.o)
 .debug_aranges
                0x00000000000003e8       0x20 C:/Users/leona/Desktop/led_sandbox/software/test_matrix_ip_bsp/\libhal_bsp.a(altera_nios2_gen2_irq.o)
 .debug_aranges
                0x0000000000000408       0x38 C:/Users/leona/Desktop/led_sandbox/software/test_matrix_ip_bsp/\libhal_bsp.a(alt_exception_entry.o)
 .debug_aranges
                0x0000000000000440       0x20 C:/Users/leona/Desktop/led_sandbox/software/test_matrix_ip_bsp/\libhal_bsp.a(alt_find_file.o)
 .debug_aranges
                0x0000000000000460       0x20 C:/Users/leona/Desktop/led_sandbox/software/test_matrix_ip_bsp/\libhal_bsp.a(alt_get_fd.o)
 .debug_aranges
                0x0000000000000480       0x28 C:/Users/leona/Desktop/led_sandbox/software/test_matrix_ip_bsp/\libhal_bsp.a(alt_instruction_exception_entry.o)
 .debug_aranges
                0x00000000000004a8       0x20 c:/intelfpga_lite/18.1/nios2eds/bin/gnu/h-x86_64-mingw32/bin/../lib/gcc/nios2-elf/5.3.0/../../../../../H-x86_64-mingw32/nios2-elf/lib/mno-hw-mul\libc.a(lib_a-atexit.o)
 .debug_aranges
                0x00000000000004c8       0x20 c:/intelfpga_lite/18.1/nios2eds/bin/gnu/h-x86_64-mingw32/bin/../lib/gcc/nios2-elf/5.3.0/../../../../../H-x86_64-mingw32/nios2-elf/lib/mno-hw-mul\libc.a(lib_a-exit.o)
 .debug_aranges
                0x00000000000004e8       0x18 c:/intelfpga_lite/18.1/nios2eds/bin/gnu/h-x86_64-mingw32/bin/../lib/gcc/nios2-elf/5.3.0/../../../../../H-x86_64-mingw32/nios2-elf/lib/mno-hw-mul\libc.a(lib_a-impure.o)
 .debug_aranges
                0x0000000000000500       0x18 c:/intelfpga_lite/18.1/nios2eds/bin/gnu/h-x86_64-mingw32/bin/../lib/gcc/nios2-elf/5.3.0/../../../../../H-x86_64-mingw32/nios2-elf/lib/mno-hw-mul\libc.a(lib_a-int_errno.o)
 .debug_aranges
                0x0000000000000518       0x20 c:/intelfpga_lite/18.1/nios2eds/bin/gnu/h-x86_64-mingw32/bin/../lib/gcc/nios2-elf/5.3.0/../../../../../H-x86_64-mingw32/nios2-elf/lib/mno-hw-mul\libc.a(lib_a-memcmp.o)
 .debug_aranges
                0x0000000000000538       0x20 c:/intelfpga_lite/18.1/nios2eds/bin/gnu/h-x86_64-mingw32/bin/../lib/gcc/nios2-elf/5.3.0/../../../../../H-x86_64-mingw32/nios2-elf/lib/mno-hw-mul\libc.a(lib_a-memcpy.o)
 .debug_aranges
                0x0000000000000558       0x20 c:/intelfpga_lite/18.1/nios2eds/bin/gnu/h-x86_64-mingw32/bin/../lib/gcc/nios2-elf/5.3.0/../../../../../H-x86_64-mingw32/nios2-elf/lib/mno-hw-mul\libc.a(lib_a-strlen.o)
 .debug_aranges
                0x0000000000000578       0x20 c:/intelfpga_lite/18.1/nios2eds/bin/gnu/h-x86_64-mingw32/bin/../lib/gcc/nios2-elf/5.3.0/../../../../../H-x86_64-mingw32/nios2-elf/lib/mno-hw-mul\libc.a(lib_a-__atexit.o)
 .debug_aranges
                0x0000000000000598       0x20 c:/intelfpga_lite/18.1/nios2eds/bin/gnu/h-x86_64-mingw32/bin/../lib/gcc/nios2-elf/5.3.0/../../../../../H-x86_64-mingw32/nios2-elf/lib/mno-hw-mul\libc.a(lib_a-__call_atexit.o)
 .debug_aranges
                0x00000000000005b8       0x20 c:/intelfpga_lite/18.1/nios2eds/bin/gnu/h-x86_64-mingw32/bin/../lib/gcc/nios2-elf/5.3.0/mno-hw-mul\libgcc.a(lib2-mul.o)
 .debug_aranges
                0x00000000000005d8       0x20 C:/Users/leona/Desktop/led_sandbox/software/test_matrix_ip_bsp/\libhal_bsp.a(alt_exit.o)

.debug_pubnames
 *(.debug_pubnames)

.debug_info     0x0000000000000000     0x85fe
 *(.debug_info .gnu.linkonce.wi.*)
 .debug_info    0x0000000000000000       0x73 C:/Users/leona/Desktop/led_sandbox/software/test_matrix_ip_bsp//obj/HAL/src/crt0.o
 .debug_info    0x0000000000000073      0x3f1 obj/default/src/main.o
 .debug_info    0x0000000000000464      0x145 C:/Users/leona/Desktop/led_sandbox/software/test_matrix_ip_bsp/\libhal_bsp.a(alt_load.o)
 .debug_info    0x00000000000005a9      0x131 C:/Users/leona/Desktop/led_sandbox/software/test_matrix_ip_bsp/\libhal_bsp.a(alt_main.o)
 .debug_info    0x00000000000006da      0x5e3 C:/Users/leona/Desktop/led_sandbox/software/test_matrix_ip_bsp/\libhal_bsp.a(alt_sys_init.o)
 .debug_info    0x0000000000000cbd      0x52e C:/Users/leona/Desktop/led_sandbox/software/test_matrix_ip_bsp/\libhal_bsp.a(altera_avalon_jtag_uart_fd.o)
 .debug_info    0x00000000000011eb      0x3a0 C:/Users/leona/Desktop/led_sandbox/software/test_matrix_ip_bsp/\libhal_bsp.a(altera_avalon_jtag_uart_init.o)
 .debug_info    0x000000000000158b      0x280 C:/Users/leona/Desktop/led_sandbox/software/test_matrix_ip_bsp/\libhal_bsp.a(altera_avalon_jtag_uart_ioctl.o)
 .debug_info    0x000000000000180b      0x345 C:/Users/leona/Desktop/led_sandbox/software/test_matrix_ip_bsp/\libhal_bsp.a(altera_avalon_jtag_uart_read.o)
 .debug_info    0x0000000000001b50      0x340 C:/Users/leona/Desktop/led_sandbox/software/test_matrix_ip_bsp/\libhal_bsp.a(altera_avalon_jtag_uart_write.o)
 .debug_info    0x0000000000001e90      0x226 C:/Users/leona/Desktop/led_sandbox/software/test_matrix_ip_bsp/\libhal_bsp.a(altera_avalon_timer_sc.o)
 .debug_info    0x00000000000020b6      0xa73 C:/Users/leona/Desktop/led_sandbox/software/test_matrix_ip_bsp/\libhal_bsp.a(altera_up_avalon_video_dma_controller.o)
 .debug_info    0x0000000000002b29      0x2cc C:/Users/leona/Desktop/led_sandbox/software/test_matrix_ip_bsp/\libhal_bsp.a(alt_alarm_start.o)
 .debug_info    0x0000000000002df5      0x321 C:/Users/leona/Desktop/led_sandbox/software/test_matrix_ip_bsp/\libhal_bsp.a(alt_close.o)
 .debug_info    0x0000000000003116       0x92 C:/Users/leona/Desktop/led_sandbox/software/test_matrix_ip_bsp/\libhal_bsp.a(alt_dcache_flush_all.o)
 .debug_info    0x00000000000031a8      0x49c C:/Users/leona/Desktop/led_sandbox/software/test_matrix_ip_bsp/\libhal_bsp.a(alt_dev.o)
 .debug_info    0x0000000000003644      0x1a9 C:/Users/leona/Desktop/led_sandbox/software/test_matrix_ip_bsp/\libhal_bsp.a(alt_dev_llist_insert.o)
 .debug_info    0x00000000000037ed       0x83 C:/Users/leona/Desktop/led_sandbox/software/test_matrix_ip_bsp/\libhal_bsp.a(alt_do_ctors.o)
 .debug_info    0x0000000000003870       0x83 C:/Users/leona/Desktop/led_sandbox/software/test_matrix_ip_bsp/\libhal_bsp.a(alt_do_dtors.o)
 .debug_info    0x00000000000038f3       0xa6 C:/Users/leona/Desktop/led_sandbox/software/test_matrix_ip_bsp/\libhal_bsp.a(alt_errno.o)
 .debug_info    0x0000000000003999      0x2e9 C:/Users/leona/Desktop/led_sandbox/software/test_matrix_ip_bsp/\libhal_bsp.a(alt_find_dev.o)
 .debug_info    0x0000000000003c82       0x92 C:/Users/leona/Desktop/led_sandbox/software/test_matrix_ip_bsp/\libhal_bsp.a(alt_icache_flush_all.o)
 .debug_info    0x0000000000003d14      0x350 C:/Users/leona/Desktop/led_sandbox/software/test_matrix_ip_bsp/\libhal_bsp.a(alt_iic.o)
 .debug_info    0x0000000000004064      0x1ef C:/Users/leona/Desktop/led_sandbox/software/test_matrix_ip_bsp/\libhal_bsp.a(alt_iic_isr_register.o)
 .debug_info    0x0000000000004253      0x4a5 C:/Users/leona/Desktop/led_sandbox/software/test_matrix_ip_bsp/\libhal_bsp.a(alt_io_redirect.o)
 .debug_info    0x00000000000046f8       0x7c C:/Users/leona/Desktop/led_sandbox/software/test_matrix_ip_bsp/\libhal_bsp.a(alt_irq_entry.o)
 .debug_info    0x0000000000004774      0x187 C:/Users/leona/Desktop/led_sandbox/software/test_matrix_ip_bsp/\libhal_bsp.a(alt_irq_handler.o)
 .debug_info    0x00000000000048fb       0x88 C:/Users/leona/Desktop/led_sandbox/software/test_matrix_ip_bsp/\libhal_bsp.a(alt_irq_vars.o)
 .debug_info    0x0000000000004983      0x3bb C:/Users/leona/Desktop/led_sandbox/software/test_matrix_ip_bsp/\libhal_bsp.a(alt_open.o)
 .debug_info    0x0000000000004d3e      0x2b0 C:/Users/leona/Desktop/led_sandbox/software/test_matrix_ip_bsp/\libhal_bsp.a(alt_release_fd.o)
 .debug_info    0x0000000000004fee      0x299 C:/Users/leona/Desktop/led_sandbox/software/test_matrix_ip_bsp/\libhal_bsp.a(alt_tick.o)
 .debug_info    0x0000000000005287       0x92 C:/Users/leona/Desktop/led_sandbox/software/test_matrix_ip_bsp/\libhal_bsp.a(altera_nios2_gen2_irq.o)
 .debug_info    0x0000000000005319       0x82 C:/Users/leona/Desktop/led_sandbox/software/test_matrix_ip_bsp/\libhal_bsp.a(alt_exception_entry.o)
 .debug_info    0x000000000000539b      0x2e6 C:/Users/leona/Desktop/led_sandbox/software/test_matrix_ip_bsp/\libhal_bsp.a(alt_find_file.o)
 .debug_info    0x0000000000005681      0x310 C:/Users/leona/Desktop/led_sandbox/software/test_matrix_ip_bsp/\libhal_bsp.a(alt_get_fd.o)
 .debug_info    0x0000000000005991      0x1e7 C:/Users/leona/Desktop/led_sandbox/software/test_matrix_ip_bsp/\libhal_bsp.a(alt_instruction_exception_entry.o)
 .debug_info    0x0000000000005b78       0xfe c:/intelfpga_lite/18.1/nios2eds/bin/gnu/h-x86_64-mingw32/bin/../lib/gcc/nios2-elf/5.3.0/../../../../../H-x86_64-mingw32/nios2-elf/lib/mno-hw-mul\libc.a(lib_a-atexit.o)
 .debug_info    0x0000000000005c76      0x8e4 c:/intelfpga_lite/18.1/nios2eds/bin/gnu/h-x86_64-mingw32/bin/../lib/gcc/nios2-elf/5.3.0/../../../../../H-x86_64-mingw32/nios2-elf/lib/mno-hw-mul\libc.a(lib_a-exit.o)
 .debug_info    0x000000000000655a      0x8a1 c:/intelfpga_lite/18.1/nios2eds/bin/gnu/h-x86_64-mingw32/bin/../lib/gcc/nios2-elf/5.3.0/../../../../../H-x86_64-mingw32/nios2-elf/lib/mno-hw-mul\libc.a(lib_a-impure.o)
 .debug_info    0x0000000000006dfb       0x8a c:/intelfpga_lite/18.1/nios2eds/bin/gnu/h-x86_64-mingw32/bin/../lib/gcc/nios2-elf/5.3.0/../../../../../H-x86_64-mingw32/nios2-elf/lib/mno-hw-mul\libc.a(lib_a-int_errno.o)
 .debug_info    0x0000000000006e85      0x11a c:/intelfpga_lite/18.1/nios2eds/bin/gnu/h-x86_64-mingw32/bin/../lib/gcc/nios2-elf/5.3.0/../../../../../H-x86_64-mingw32/nios2-elf/lib/mno-hw-mul\libc.a(lib_a-memcmp.o)
 .debug_info    0x0000000000006f9f      0x144 c:/intelfpga_lite/18.1/nios2eds/bin/gnu/h-x86_64-mingw32/bin/../lib/gcc/nios2-elf/5.3.0/../../../../../H-x86_64-mingw32/nios2-elf/lib/mno-hw-mul\libc.a(lib_a-memcpy.o)
 .debug_info    0x00000000000070e3       0xe2 c:/intelfpga_lite/18.1/nios2eds/bin/gnu/h-x86_64-mingw32/bin/../lib/gcc/nios2-elf/5.3.0/../../../../../H-x86_64-mingw32/nios2-elf/lib/mno-hw-mul\libc.a(lib_a-strlen.o)
 .debug_info    0x00000000000071c5      0x934 c:/intelfpga_lite/18.1/nios2eds/bin/gnu/h-x86_64-mingw32/bin/../lib/gcc/nios2-elf/5.3.0/../../../../../H-x86_64-mingw32/nios2-elf/lib/mno-hw-mul\libc.a(lib_a-__atexit.o)
 .debug_info    0x0000000000007af9      0x965 c:/intelfpga_lite/18.1/nios2eds/bin/gnu/h-x86_64-mingw32/bin/../lib/gcc/nios2-elf/5.3.0/../../../../../H-x86_64-mingw32/nios2-elf/lib/mno-hw-mul\libc.a(lib_a-__call_atexit.o)
 .debug_info    0x000000000000845e       0xb4 c:/intelfpga_lite/18.1/nios2eds/bin/gnu/h-x86_64-mingw32/bin/../lib/gcc/nios2-elf/5.3.0/mno-hw-mul\libgcc.a(lib2-mul.o)
 .debug_info    0x0000000000008512       0xec C:/Users/leona/Desktop/led_sandbox/software/test_matrix_ip_bsp/\libhal_bsp.a(alt_exit.o)

.debug_abbrev   0x0000000000000000     0x2cd2
 *(.debug_abbrev)
 .debug_abbrev  0x0000000000000000       0x12 C:/Users/leona/Desktop/led_sandbox/software/test_matrix_ip_bsp//obj/HAL/src/crt0.o
 .debug_abbrev  0x0000000000000012      0x101 obj/default/src/main.o
 .debug_abbrev  0x0000000000000113       0x9f C:/Users/leona/Desktop/led_sandbox/software/test_matrix_ip_bsp/\libhal_bsp.a(alt_load.o)
 .debug_abbrev  0x00000000000001b2       0xba C:/Users/leona/Desktop/led_sandbox/software/test_matrix_ip_bsp/\libhal_bsp.a(alt_main.o)
 .debug_abbrev  0x000000000000026c      0x178 C:/Users/leona/Desktop/led_sandbox/software/test_matrix_ip_bsp/\libhal_bsp.a(alt_sys_init.o)
 .debug_abbrev  0x00000000000003e4      0x127 C:/Users/leona/Desktop/led_sandbox/software/test_matrix_ip_bsp/\libhal_bsp.a(altera_avalon_jtag_uart_fd.o)
 .debug_abbrev  0x000000000000050b      0x19e C:/Users/leona/Desktop/led_sandbox/software/test_matrix_ip_bsp/\libhal_bsp.a(altera_avalon_jtag_uart_init.o)
 .debug_abbrev  0x00000000000006a9      0x111 C:/Users/leona/Desktop/led_sandbox/software/test_matrix_ip_bsp/\libhal_bsp.a(altera_avalon_jtag_uart_ioctl.o)
 .debug_abbrev  0x00000000000007ba      0x1aa C:/Users/leona/Desktop/led_sandbox/software/test_matrix_ip_bsp/\libhal_bsp.a(altera_avalon_jtag_uart_read.o)
 .debug_abbrev  0x0000000000000964      0x1a8 C:/Users/leona/Desktop/led_sandbox/software/test_matrix_ip_bsp/\libhal_bsp.a(altera_avalon_jtag_uart_write.o)
 .debug_abbrev  0x0000000000000b0c      0x155 C:/Users/leona/Desktop/led_sandbox/software/test_matrix_ip_bsp/\libhal_bsp.a(altera_avalon_timer_sc.o)
 .debug_abbrev  0x0000000000000c61      0x1d7 C:/Users/leona/Desktop/led_sandbox/software/test_matrix_ip_bsp/\libhal_bsp.a(altera_up_avalon_video_dma_controller.o)
 .debug_abbrev  0x0000000000000e38      0x162 C:/Users/leona/Desktop/led_sandbox/software/test_matrix_ip_bsp/\libhal_bsp.a(alt_alarm_start.o)
 .debug_abbrev  0x0000000000000f9a      0x11f C:/Users/leona/Desktop/led_sandbox/software/test_matrix_ip_bsp/\libhal_bsp.a(alt_close.o)
 .debug_abbrev  0x00000000000010b9       0x42 C:/Users/leona/Desktop/led_sandbox/software/test_matrix_ip_bsp/\libhal_bsp.a(alt_dcache_flush_all.o)
 .debug_abbrev  0x00000000000010fb       0xd9 C:/Users/leona/Desktop/led_sandbox/software/test_matrix_ip_bsp/\libhal_bsp.a(alt_dev.o)
 .debug_abbrev  0x00000000000011d4      0x114 C:/Users/leona/Desktop/led_sandbox/software/test_matrix_ip_bsp/\libhal_bsp.a(alt_dev_llist_insert.o)
 .debug_abbrev  0x00000000000012e8       0x79 C:/Users/leona/Desktop/led_sandbox/software/test_matrix_ip_bsp/\libhal_bsp.a(alt_do_ctors.o)
 .debug_abbrev  0x0000000000001361       0x79 C:/Users/leona/Desktop/led_sandbox/software/test_matrix_ip_bsp/\libhal_bsp.a(alt_do_dtors.o)
 .debug_abbrev  0x00000000000013da       0x5a C:/Users/leona/Desktop/led_sandbox/software/test_matrix_ip_bsp/\libhal_bsp.a(alt_errno.o)
 .debug_abbrev  0x0000000000001434       0xf0 C:/Users/leona/Desktop/led_sandbox/software/test_matrix_ip_bsp/\libhal_bsp.a(alt_find_dev.o)
 .debug_abbrev  0x0000000000001524       0x42 C:/Users/leona/Desktop/led_sandbox/software/test_matrix_ip_bsp/\libhal_bsp.a(alt_icache_flush_all.o)
 .debug_abbrev  0x0000000000001566      0x163 C:/Users/leona/Desktop/led_sandbox/software/test_matrix_ip_bsp/\libhal_bsp.a(alt_iic.o)
 .debug_abbrev  0x00000000000016c9      0x169 C:/Users/leona/Desktop/led_sandbox/software/test_matrix_ip_bsp/\libhal_bsp.a(alt_iic_isr_register.o)
 .debug_abbrev  0x0000000000001832      0x114 C:/Users/leona/Desktop/led_sandbox/software/test_matrix_ip_bsp/\libhal_bsp.a(alt_io_redirect.o)
 .debug_abbrev  0x0000000000001946       0x12 C:/Users/leona/Desktop/led_sandbox/software/test_matrix_ip_bsp/\libhal_bsp.a(alt_irq_entry.o)
 .debug_abbrev  0x0000000000001958      0x122 C:/Users/leona/Desktop/led_sandbox/software/test_matrix_ip_bsp/\libhal_bsp.a(alt_irq_handler.o)
 .debug_abbrev  0x0000000000001a7a       0x40 C:/Users/leona/Desktop/led_sandbox/software/test_matrix_ip_bsp/\libhal_bsp.a(alt_irq_vars.o)
 .debug_abbrev  0x0000000000001aba      0x148 C:/Users/leona/Desktop/led_sandbox/software/test_matrix_ip_bsp/\libhal_bsp.a(alt_open.o)
 .debug_abbrev  0x0000000000001c02       0xde C:/Users/leona/Desktop/led_sandbox/software/test_matrix_ip_bsp/\libhal_bsp.a(alt_release_fd.o)
 .debug_abbrev  0x0000000000001ce0      0x15a C:/Users/leona/Desktop/led_sandbox/software/test_matrix_ip_bsp/\libhal_bsp.a(alt_tick.o)
 .debug_abbrev  0x0000000000001e3a       0x42 C:/Users/leona/Desktop/led_sandbox/software/test_matrix_ip_bsp/\libhal_bsp.a(altera_nios2_gen2_irq.o)
 .debug_abbrev  0x0000000000001e7c       0x12 C:/Users/leona/Desktop/led_sandbox/software/test_matrix_ip_bsp/\libhal_bsp.a(alt_exception_entry.o)
 .debug_abbrev  0x0000000000001e8e       0xf0 C:/Users/leona/Desktop/led_sandbox/software/test_matrix_ip_bsp/\libhal_bsp.a(alt_find_file.o)
 .debug_abbrev  0x0000000000001f7e      0x10d C:/Users/leona/Desktop/led_sandbox/software/test_matrix_ip_bsp/\libhal_bsp.a(alt_get_fd.o)
 .debug_abbrev  0x000000000000208b       0xdc C:/Users/leona/Desktop/led_sandbox/software/test_matrix_ip_bsp/\libhal_bsp.a(alt_instruction_exception_entry.o)
 .debug_abbrev  0x0000000000002167       0xaa c:/intelfpga_lite/18.1/nios2eds/bin/gnu/h-x86_64-mingw32/bin/../lib/gcc/nios2-elf/5.3.0/../../../../../H-x86_64-mingw32/nios2-elf/lib/mno-hw-mul\libc.a(lib_a-atexit.o)
 .debug_abbrev  0x0000000000002211      0x1e5 c:/intelfpga_lite/18.1/nios2eds/bin/gnu/h-x86_64-mingw32/bin/../lib/gcc/nios2-elf/5.3.0/../../../../../H-x86_64-mingw32/nios2-elf/lib/mno-hw-mul\libc.a(lib_a-exit.o)
 .debug_abbrev  0x00000000000023f6      0x18f c:/intelfpga_lite/18.1/nios2eds/bin/gnu/h-x86_64-mingw32/bin/../lib/gcc/nios2-elf/5.3.0/../../../../../H-x86_64-mingw32/nios2-elf/lib/mno-hw-mul\libc.a(lib_a-impure.o)
 .debug_abbrev  0x0000000000002585       0x37 c:/intelfpga_lite/18.1/nios2eds/bin/gnu/h-x86_64-mingw32/bin/../lib/gcc/nios2-elf/5.3.0/../../../../../H-x86_64-mingw32/nios2-elf/lib/mno-hw-mul\libc.a(lib_a-int_errno.o)
 .debug_abbrev  0x00000000000025bc       0x7f c:/intelfpga_lite/18.1/nios2eds/bin/gnu/h-x86_64-mingw32/bin/../lib/gcc/nios2-elf/5.3.0/../../../../../H-x86_64-mingw32/nios2-elf/lib/mno-hw-mul\libc.a(lib_a-memcmp.o)
 .debug_abbrev  0x000000000000263b       0xa3 c:/intelfpga_lite/18.1/nios2eds/bin/gnu/h-x86_64-mingw32/bin/../lib/gcc/nios2-elf/5.3.0/../../../../../H-x86_64-mingw32/nios2-elf/lib/mno-hw-mul\libc.a(lib_a-memcpy.o)
 .debug_abbrev  0x00000000000026de       0x90 c:/intelfpga_lite/18.1/nios2eds/bin/gnu/h-x86_64-mingw32/bin/../lib/gcc/nios2-elf/5.3.0/../../../../../H-x86_64-mingw32/nios2-elf/lib/mno-hw-mul\libc.a(lib_a-strlen.o)
 .debug_abbrev  0x000000000000276e      0x21e c:/intelfpga_lite/18.1/nios2eds/bin/gnu/h-x86_64-mingw32/bin/../lib/gcc/nios2-elf/5.3.0/../../../../../H-x86_64-mingw32/nios2-elf/lib/mno-hw-mul\libc.a(lib_a-__atexit.o)
 .debug_abbrev  0x000000000000298c      0x22e c:/intelfpga_lite/18.1/nios2eds/bin/gnu/h-x86_64-mingw32/bin/../lib/gcc/nios2-elf/5.3.0/../../../../../H-x86_64-mingw32/nios2-elf/lib/mno-hw-mul\libc.a(lib_a-__call_atexit.o)
 .debug_abbrev  0x0000000000002bba       0x6f c:/intelfpga_lite/18.1/nios2eds/bin/gnu/h-x86_64-mingw32/bin/../lib/gcc/nios2-elf/5.3.0/mno-hw-mul\libgcc.a(lib2-mul.o)
 .debug_abbrev  0x0000000000002c29       0xa9 C:/Users/leona/Desktop/led_sandbox/software/test_matrix_ip_bsp/\libhal_bsp.a(alt_exit.o)

.debug_line     0x0000000000000000     0x30db
 *(.debug_line)
 .debug_line    0x0000000000000000       0x66 C:/Users/leona/Desktop/led_sandbox/software/test_matrix_ip_bsp//obj/HAL/src/crt0.o
 .debug_line    0x0000000000000066      0x24a obj/default/src/main.o
 .debug_line    0x00000000000002b0       0x8e C:/Users/leona/Desktop/led_sandbox/software/test_matrix_ip_bsp/\libhal_bsp.a(alt_load.o)
 .debug_line    0x000000000000033e       0xa4 C:/Users/leona/Desktop/led_sandbox/software/test_matrix_ip_bsp/\libhal_bsp.a(alt_main.o)
 .debug_line    0x00000000000003e2      0x1c1 C:/Users/leona/Desktop/led_sandbox/software/test_matrix_ip_bsp/\libhal_bsp.a(alt_sys_init.o)
 .debug_line    0x00000000000005a3      0x12f C:/Users/leona/Desktop/led_sandbox/software/test_matrix_ip_bsp/\libhal_bsp.a(altera_avalon_jtag_uart_fd.o)
 .debug_line    0x00000000000006d2      0x18b C:/Users/leona/Desktop/led_sandbox/software/test_matrix_ip_bsp/\libhal_bsp.a(altera_avalon_jtag_uart_init.o)
 .debug_line    0x000000000000085d      0x131 C:/Users/leona/Desktop/led_sandbox/software/test_matrix_ip_bsp/\libhal_bsp.a(altera_avalon_jtag_uart_ioctl.o)
 .debug_line    0x000000000000098e      0x171 C:/Users/leona/Desktop/led_sandbox/software/test_matrix_ip_bsp/\libhal_bsp.a(altera_avalon_jtag_uart_read.o)
 .debug_line    0x0000000000000aff      0x170 C:/Users/leona/Desktop/led_sandbox/software/test_matrix_ip_bsp/\libhal_bsp.a(altera_avalon_jtag_uart_write.o)
 .debug_line    0x0000000000000c6f       0xfd C:/Users/leona/Desktop/led_sandbox/software/test_matrix_ip_bsp/\libhal_bsp.a(altera_avalon_timer_sc.o)
 .debug_line    0x0000000000000d6c      0x3f6 C:/Users/leona/Desktop/led_sandbox/software/test_matrix_ip_bsp/\libhal_bsp.a(altera_up_avalon_video_dma_controller.o)
 .debug_line    0x0000000000001162       0xf9 C:/Users/leona/Desktop/led_sandbox/software/test_matrix_ip_bsp/\libhal_bsp.a(alt_alarm_start.o)
 .debug_line    0x000000000000125b      0x165 C:/Users/leona/Desktop/led_sandbox/software/test_matrix_ip_bsp/\libhal_bsp.a(alt_close.o)
 .debug_line    0x00000000000013c0       0x51 C:/Users/leona/Desktop/led_sandbox/software/test_matrix_ip_bsp/\libhal_bsp.a(alt_dcache_flush_all.o)
 .debug_line    0x0000000000001411       0xf8 C:/Users/leona/Desktop/led_sandbox/software/test_matrix_ip_bsp/\libhal_bsp.a(alt_dev.o)
 .debug_line    0x0000000000001509       0xcf C:/Users/leona/Desktop/led_sandbox/software/test_matrix_ip_bsp/\libhal_bsp.a(alt_dev_llist_insert.o)
 .debug_line    0x00000000000015d8       0x59 C:/Users/leona/Desktop/led_sandbox/software/test_matrix_ip_bsp/\libhal_bsp.a(alt_do_ctors.o)
 .debug_line    0x0000000000001631       0x59 C:/Users/leona/Desktop/led_sandbox/software/test_matrix_ip_bsp/\libhal_bsp.a(alt_do_dtors.o)
 .debug_line    0x000000000000168a       0x51 C:/Users/leona/Desktop/led_sandbox/software/test_matrix_ip_bsp/\libhal_bsp.a(alt_errno.o)
 .debug_line    0x00000000000016db       0xb5 C:/Users/leona/Desktop/led_sandbox/software/test_matrix_ip_bsp/\libhal_bsp.a(alt_find_dev.o)
 .debug_line    0x0000000000001790       0x4f C:/Users/leona/Desktop/led_sandbox/software/test_matrix_ip_bsp/\libhal_bsp.a(alt_icache_flush_all.o)
 .debug_line    0x00000000000017df       0xeb C:/Users/leona/Desktop/led_sandbox/software/test_matrix_ip_bsp/\libhal_bsp.a(alt_iic.o)
 .debug_line    0x00000000000018ca       0xdb C:/Users/leona/Desktop/led_sandbox/software/test_matrix_ip_bsp/\libhal_bsp.a(alt_iic_isr_register.o)
 .debug_line    0x00000000000019a5      0x135 C:/Users/leona/Desktop/led_sandbox/software/test_matrix_ip_bsp/\libhal_bsp.a(alt_io_redirect.o)
 .debug_line    0x0000000000001ada       0x6b C:/Users/leona/Desktop/led_sandbox/software/test_matrix_ip_bsp/\libhal_bsp.a(alt_irq_entry.o)
 .debug_line    0x0000000000001b45       0xaa C:/Users/leona/Desktop/led_sandbox/software/test_matrix_ip_bsp/\libhal_bsp.a(alt_irq_handler.o)
 .debug_line    0x0000000000001bef       0x50 C:/Users/leona/Desktop/led_sandbox/software/test_matrix_ip_bsp/\libhal_bsp.a(alt_irq_vars.o)
 .debug_line    0x0000000000001c3f      0x12b C:/Users/leona/Desktop/led_sandbox/software/test_matrix_ip_bsp/\libhal_bsp.a(alt_open.o)
 .debug_line    0x0000000000001d6a       0xb0 C:/Users/leona/Desktop/led_sandbox/software/test_matrix_ip_bsp/\libhal_bsp.a(alt_release_fd.o)
 .debug_line    0x0000000000001e1a       0xff C:/Users/leona/Desktop/led_sandbox/software/test_matrix_ip_bsp/\libhal_bsp.a(alt_tick.o)
 .debug_line    0x0000000000001f19       0x51 C:/Users/leona/Desktop/led_sandbox/software/test_matrix_ip_bsp/\libhal_bsp.a(altera_nios2_gen2_irq.o)
 .debug_line    0x0000000000001f6a       0xb3 C:/Users/leona/Desktop/led_sandbox/software/test_matrix_ip_bsp/\libhal_bsp.a(alt_exception_entry.o)
 .debug_line    0x000000000000201d       0xd1 C:/Users/leona/Desktop/led_sandbox/software/test_matrix_ip_bsp/\libhal_bsp.a(alt_find_file.o)
 .debug_line    0x00000000000020ee       0xd7 C:/Users/leona/Desktop/led_sandbox/software/test_matrix_ip_bsp/\libhal_bsp.a(alt_get_fd.o)
 .debug_line    0x00000000000021c5       0xb9 C:/Users/leona/Desktop/led_sandbox/software/test_matrix_ip_bsp/\libhal_bsp.a(alt_instruction_exception_entry.o)
 .debug_line    0x000000000000227e       0xe7 c:/intelfpga_lite/18.1/nios2eds/bin/gnu/h-x86_64-mingw32/bin/../lib/gcc/nios2-elf/5.3.0/../../../../../H-x86_64-mingw32/nios2-elf/lib/mno-hw-mul\libc.a(lib_a-atexit.o)
 .debug_line    0x0000000000002365      0x1fc c:/intelfpga_lite/18.1/nios2eds/bin/gnu/h-x86_64-mingw32/bin/../lib/gcc/nios2-elf/5.3.0/../../../../../H-x86_64-mingw32/nios2-elf/lib/mno-hw-mul\libc.a(lib_a-exit.o)
 .debug_line    0x0000000000002561      0x160 c:/intelfpga_lite/18.1/nios2eds/bin/gnu/h-x86_64-mingw32/bin/../lib/gcc/nios2-elf/5.3.0/../../../../../H-x86_64-mingw32/nios2-elf/lib/mno-hw-mul\libc.a(lib_a-impure.o)
 .debug_line    0x00000000000026c1       0x5f c:/intelfpga_lite/18.1/nios2eds/bin/gnu/h-x86_64-mingw32/bin/../lib/gcc/nios2-elf/5.3.0/../../../../../H-x86_64-mingw32/nios2-elf/lib/mno-hw-mul\libc.a(lib_a-int_errno.o)
 .debug_line    0x0000000000002720      0x176 c:/intelfpga_lite/18.1/nios2eds/bin/gnu/h-x86_64-mingw32/bin/../lib/gcc/nios2-elf/5.3.0/../../../../../H-x86_64-mingw32/nios2-elf/lib/mno-hw-mul\libc.a(lib_a-memcmp.o)
 .debug_line    0x0000000000002896      0x18c c:/intelfpga_lite/18.1/nios2eds/bin/gnu/h-x86_64-mingw32/bin/../lib/gcc/nios2-elf/5.3.0/../../../../../H-x86_64-mingw32/nios2-elf/lib/mno-hw-mul\libc.a(lib_a-memcpy.o)
 .debug_line    0x0000000000002a22      0x16f c:/intelfpga_lite/18.1/nios2eds/bin/gnu/h-x86_64-mingw32/bin/../lib/gcc/nios2-elf/5.3.0/../../../../../H-x86_64-mingw32/nios2-elf/lib/mno-hw-mul\libc.a(lib_a-strlen.o)
 .debug_line    0x0000000000002b91      0x21f c:/intelfpga_lite/18.1/nios2eds/bin/gnu/h-x86_64-mingw32/bin/../lib/gcc/nios2-elf/5.3.0/../../../../../H-x86_64-mingw32/nios2-elf/lib/mno-hw-mul\libc.a(lib_a-__atexit.o)
 .debug_line    0x0000000000002db0      0x23a c:/intelfpga_lite/18.1/nios2eds/bin/gnu/h-x86_64-mingw32/bin/../lib/gcc/nios2-elf/5.3.0/../../../../../H-x86_64-mingw32/nios2-elf/lib/mno-hw-mul\libc.a(lib_a-__call_atexit.o)
 .debug_line    0x0000000000002fea       0x80 c:/intelfpga_lite/18.1/nios2eds/bin/gnu/h-x86_64-mingw32/bin/../lib/gcc/nios2-elf/5.3.0/mno-hw-mul\libgcc.a(lib2-mul.o)
 .debug_line    0x000000000000306a       0x71 C:/Users/leona/Desktop/led_sandbox/software/test_matrix_ip_bsp/\libhal_bsp.a(alt_exit.o)

.debug_frame    0x0000000000000000      0xde4
 *(.debug_frame)
 .debug_frame   0x0000000000000000       0x30 obj/default/src/main.o
 .debug_frame   0x0000000000000030       0x5c C:/Users/leona/Desktop/led_sandbox/software/test_matrix_ip_bsp/\libhal_bsp.a(alt_load.o)
 .debug_frame   0x000000000000008c       0x2c C:/Users/leona/Desktop/led_sandbox/software/test_matrix_ip_bsp/\libhal_bsp.a(alt_main.o)
 .debug_frame   0x00000000000000b8       0x88 C:/Users/leona/Desktop/led_sandbox/software/test_matrix_ip_bsp/\libhal_bsp.a(alt_sys_init.o)
 .debug_frame   0x0000000000000140       0xb0 C:/Users/leona/Desktop/led_sandbox/software/test_matrix_ip_bsp/\libhal_bsp.a(altera_avalon_jtag_uart_fd.o)
 .debug_frame   0x00000000000001f0       0xa4 C:/Users/leona/Desktop/led_sandbox/software/test_matrix_ip_bsp/\libhal_bsp.a(altera_avalon_jtag_uart_init.o)
 .debug_frame   0x0000000000000294       0x34 C:/Users/leona/Desktop/led_sandbox/software/test_matrix_ip_bsp/\libhal_bsp.a(altera_avalon_jtag_uart_ioctl.o)
 .debug_frame   0x00000000000002c8       0x38 C:/Users/leona/Desktop/led_sandbox/software/test_matrix_ip_bsp/\libhal_bsp.a(altera_avalon_jtag_uart_read.o)
 .debug_frame   0x0000000000000300       0x38 C:/Users/leona/Desktop/led_sandbox/software/test_matrix_ip_bsp/\libhal_bsp.a(altera_avalon_jtag_uart_write.o)
 .debug_frame   0x0000000000000338       0x60 C:/Users/leona/Desktop/led_sandbox/software/test_matrix_ip_bsp/\libhal_bsp.a(altera_avalon_timer_sc.o)
 .debug_frame   0x0000000000000398      0x2dc C:/Users/leona/Desktop/led_sandbox/software/test_matrix_ip_bsp/\libhal_bsp.a(altera_up_avalon_video_dma_controller.o)
 .debug_frame   0x0000000000000674       0x34 C:/Users/leona/Desktop/led_sandbox/software/test_matrix_ip_bsp/\libhal_bsp.a(alt_alarm_start.o)
 .debug_frame   0x00000000000006a8       0x60 C:/Users/leona/Desktop/led_sandbox/software/test_matrix_ip_bsp/\libhal_bsp.a(alt_close.o)
 .debug_frame   0x0000000000000708       0x34 C:/Users/leona/Desktop/led_sandbox/software/test_matrix_ip_bsp/\libhal_bsp.a(alt_dcache_flush_all.o)
 .debug_frame   0x000000000000073c       0x34 C:/Users/leona/Desktop/led_sandbox/software/test_matrix_ip_bsp/\libhal_bsp.a(alt_dev.o)
 .debug_frame   0x0000000000000770       0x60 C:/Users/leona/Desktop/led_sandbox/software/test_matrix_ip_bsp/\libhal_bsp.a(alt_dev_llist_insert.o)
 .debug_frame   0x00000000000007d0       0x38 C:/Users/leona/Desktop/led_sandbox/software/test_matrix_ip_bsp/\libhal_bsp.a(alt_do_ctors.o)
 .debug_frame   0x0000000000000808       0x38 C:/Users/leona/Desktop/led_sandbox/software/test_matrix_ip_bsp/\libhal_bsp.a(alt_do_dtors.o)
 .debug_frame   0x0000000000000840       0x38 C:/Users/leona/Desktop/led_sandbox/software/test_matrix_ip_bsp/\libhal_bsp.a(alt_find_dev.o)
 .debug_frame   0x0000000000000878       0x34 C:/Users/leona/Desktop/led_sandbox/software/test_matrix_ip_bsp/\libhal_bsp.a(alt_icache_flush_all.o)
 .debug_frame   0x00000000000008ac       0xa4 C:/Users/leona/Desktop/led_sandbox/software/test_matrix_ip_bsp/\libhal_bsp.a(alt_iic.o)
 .debug_frame   0x0000000000000950       0x38 C:/Users/leona/Desktop/led_sandbox/software/test_matrix_ip_bsp/\libhal_bsp.a(alt_iic_isr_register.o)
 .debug_frame   0x0000000000000988       0x64 C:/Users/leona/Desktop/led_sandbox/software/test_matrix_ip_bsp/\libhal_bsp.a(alt_io_redirect.o)
 .debug_frame   0x00000000000009ec       0x38 C:/Users/leona/Desktop/led_sandbox/software/test_matrix_ip_bsp/\libhal_bsp.a(alt_irq_handler.o)
 .debug_frame   0x0000000000000a24       0x8c C:/Users/leona/Desktop/led_sandbox/software/test_matrix_ip_bsp/\libhal_bsp.a(alt_open.o)
 .debug_frame   0x0000000000000ab0       0x3c C:/Users/leona/Desktop/led_sandbox/software/test_matrix_ip_bsp/\libhal_bsp.a(alt_release_fd.o)
 .debug_frame   0x0000000000000aec       0x5c C:/Users/leona/Desktop/led_sandbox/software/test_matrix_ip_bsp/\libhal_bsp.a(alt_tick.o)
 .debug_frame   0x0000000000000b48       0x34 C:/Users/leona/Desktop/led_sandbox/software/test_matrix_ip_bsp/\libhal_bsp.a(altera_nios2_gen2_irq.o)
 .debug_frame   0x0000000000000b7c       0x38 C:/Users/leona/Desktop/led_sandbox/software/test_matrix_ip_bsp/\libhal_bsp.a(alt_find_file.o)
 .debug_frame   0x0000000000000bb4       0x3c C:/Users/leona/Desktop/led_sandbox/software/test_matrix_ip_bsp/\libhal_bsp.a(alt_get_fd.o)
 .debug_frame   0x0000000000000bf0       0x5c C:/Users/leona/Desktop/led_sandbox/software/test_matrix_ip_bsp/\libhal_bsp.a(alt_instruction_exception_entry.o)
 .debug_frame   0x0000000000000c4c       0x20 c:/intelfpga_lite/18.1/nios2eds/bin/gnu/h-x86_64-mingw32/bin/../lib/gcc/nios2-elf/5.3.0/../../../../../H-x86_64-mingw32/nios2-elf/lib/mno-hw-mul\libc.a(lib_a-atexit.o)
 .debug_frame   0x0000000000000c6c       0x28 c:/intelfpga_lite/18.1/nios2eds/bin/gnu/h-x86_64-mingw32/bin/../lib/gcc/nios2-elf/5.3.0/../../../../../H-x86_64-mingw32/nios2-elf/lib/mno-hw-mul\libc.a(lib_a-exit.o)
 .debug_frame   0x0000000000000c94       0x20 c:/intelfpga_lite/18.1/nios2eds/bin/gnu/h-x86_64-mingw32/bin/../lib/gcc/nios2-elf/5.3.0/../../../../../H-x86_64-mingw32/nios2-elf/lib/mno-hw-mul\libc.a(lib_a-memcmp.o)
 .debug_frame   0x0000000000000cb4       0x38 c:/intelfpga_lite/18.1/nios2eds/bin/gnu/h-x86_64-mingw32/bin/../lib/gcc/nios2-elf/5.3.0/../../../../../H-x86_64-mingw32/nios2-elf/lib/mno-hw-mul\libc.a(lib_a-memcpy.o)
 .debug_frame   0x0000000000000cec       0x20 c:/intelfpga_lite/18.1/nios2eds/bin/gnu/h-x86_64-mingw32/bin/../lib/gcc/nios2-elf/5.3.0/../../../../../H-x86_64-mingw32/nios2-elf/lib/mno-hw-mul\libc.a(lib_a-strlen.o)
 .debug_frame   0x0000000000000d0c       0x38 c:/intelfpga_lite/18.1/nios2eds/bin/gnu/h-x86_64-mingw32/bin/../lib/gcc/nios2-elf/5.3.0/../../../../../H-x86_64-mingw32/nios2-elf/lib/mno-hw-mul\libc.a(lib_a-__atexit.o)
 .debug_frame   0x0000000000000d44       0x54 c:/intelfpga_lite/18.1/nios2eds/bin/gnu/h-x86_64-mingw32/bin/../lib/gcc/nios2-elf/5.3.0/../../../../../H-x86_64-mingw32/nios2-elf/lib/mno-hw-mul\libc.a(lib_a-__call_atexit.o)
 .debug_frame   0x0000000000000d98       0x20 c:/intelfpga_lite/18.1/nios2eds/bin/gnu/h-x86_64-mingw32/bin/../lib/gcc/nios2-elf/5.3.0/mno-hw-mul\libgcc.a(lib2-mul.o)
 .debug_frame   0x0000000000000db8       0x2c C:/Users/leona/Desktop/led_sandbox/software/test_matrix_ip_bsp/\libhal_bsp.a(alt_exit.o)

.debug_str      0x0000000000000000     0x1f70
 *(.debug_str)
 .debug_str     0x0000000000000000      0x254 obj/default/src/main.o
                                        0x2e5 (size before relaxing)
 .debug_str     0x0000000000000254      0x130 C:/Users/leona/Desktop/led_sandbox/software/test_matrix_ip_bsp/\libhal_bsp.a(alt_load.o)
                                        0x217 (size before relaxing)
 .debug_str     0x0000000000000384       0x44 C:/Users/leona/Desktop/led_sandbox/software/test_matrix_ip_bsp/\libhal_bsp.a(alt_main.o)
                                        0x1a2 (size before relaxing)
 .debug_str     0x00000000000003c8      0x1c2 C:/Users/leona/Desktop/led_sandbox/software/test_matrix_ip_bsp/\libhal_bsp.a(alt_sys_init.o)
                                        0x493 (size before relaxing)
 .debug_str     0x000000000000058a       0xb2 C:/Users/leona/Desktop/led_sandbox/software/test_matrix_ip_bsp/\libhal_bsp.a(altera_avalon_jtag_uart_fd.o)
                                        0x3a9 (size before relaxing)
 .debug_str     0x000000000000063c       0xd1 C:/Users/leona/Desktop/led_sandbox/software/test_matrix_ip_bsp/\libhal_bsp.a(altera_avalon_jtag_uart_init.o)
                                        0x33d (size before relaxing)
 .debug_str     0x000000000000070d       0x4a C:/Users/leona/Desktop/led_sandbox/software/test_matrix_ip_bsp/\libhal_bsp.a(altera_avalon_jtag_uart_ioctl.o)
                                        0x298 (size before relaxing)
 .debug_str     0x0000000000000757       0x7f C:/Users/leona/Desktop/led_sandbox/software/test_matrix_ip_bsp/\libhal_bsp.a(altera_avalon_jtag_uart_read.o)
                                        0x2ed (size before relaxing)
 .debug_str     0x00000000000007d6       0x4a C:/Users/leona/Desktop/led_sandbox/software/test_matrix_ip_bsp/\libhal_bsp.a(altera_avalon_jtag_uart_write.o)
                                        0x2ee (size before relaxing)
 .debug_str     0x0000000000000820       0x6d C:/Users/leona/Desktop/led_sandbox/software/test_matrix_ip_bsp/\libhal_bsp.a(altera_avalon_timer_sc.o)
                                        0x250 (size before relaxing)
 .debug_str     0x000000000000088d      0x272 C:/Users/leona/Desktop/led_sandbox/software/test_matrix_ip_bsp/\libhal_bsp.a(altera_up_avalon_video_dma_controller.o)
                                        0x524 (size before relaxing)
 .debug_str     0x0000000000000aff       0x59 C:/Users/leona/Desktop/led_sandbox/software/test_matrix_ip_bsp/\libhal_bsp.a(alt_alarm_start.o)
                                        0x283 (size before relaxing)
 .debug_str     0x0000000000000b58       0x44 C:/Users/leona/Desktop/led_sandbox/software/test_matrix_ip_bsp/\libhal_bsp.a(alt_close.o)
                                        0x210 (size before relaxing)
 .debug_str     0x0000000000000b9c       0x34 C:/Users/leona/Desktop/led_sandbox/software/test_matrix_ip_bsp/\libhal_bsp.a(alt_dcache_flush_all.o)
                                        0x15a (size before relaxing)
 .debug_str     0x0000000000000bd0      0x120 C:/Users/leona/Desktop/led_sandbox/software/test_matrix_ip_bsp/\libhal_bsp.a(alt_dev.o)
                                        0x30a (size before relaxing)
 .debug_str     0x0000000000000cf0       0x34 C:/Users/leona/Desktop/led_sandbox/software/test_matrix_ip_bsp/\libhal_bsp.a(alt_dev_llist_insert.o)
                                        0x1d1 (size before relaxing)
 .debug_str     0x0000000000000d24       0x48 C:/Users/leona/Desktop/led_sandbox/software/test_matrix_ip_bsp/\libhal_bsp.a(alt_do_ctors.o)
                                         0xd5 (size before relaxing)
 .debug_str     0x0000000000000d6c       0x4c C:/Users/leona/Desktop/led_sandbox/software/test_matrix_ip_bsp/\libhal_bsp.a(alt_do_dtors.o)
                                         0xd4 (size before relaxing)
 .debug_str     0x0000000000000db8       0x14 C:/Users/leona/Desktop/led_sandbox/software/test_matrix_ip_bsp/\libhal_bsp.a(alt_errno.o)
                                        0x14a (size before relaxing)
 .debug_str     0x0000000000000dcc       0x24 C:/Users/leona/Desktop/led_sandbox/software/test_matrix_ip_bsp/\libhal_bsp.a(alt_find_dev.o)
                                        0x1f1 (size before relaxing)
 .debug_str     0x0000000000000df0       0x34 C:/Users/leona/Desktop/led_sandbox/software/test_matrix_ip_bsp/\libhal_bsp.a(alt_icache_flush_all.o)
                                        0x15a (size before relaxing)
 .debug_str     0x0000000000000e24       0xbd C:/Users/leona/Desktop/led_sandbox/software/test_matrix_ip_bsp/\libhal_bsp.a(alt_iic.o)
                                        0x243 (size before relaxing)
 .debug_str     0x0000000000000ee1       0x4c C:/Users/leona/Desktop/led_sandbox/software/test_matrix_ip_bsp/\libhal_bsp.a(alt_iic_isr_register.o)
                                        0x1ed (size before relaxing)
 .debug_str     0x0000000000000f2d       0x56 C:/Users/leona/Desktop/led_sandbox/software/test_matrix_ip_bsp/\libhal_bsp.a(alt_io_redirect.o)
                                        0x31b (size before relaxing)
 .debug_str     0x0000000000000f83       0x3a C:/Users/leona/Desktop/led_sandbox/software/test_matrix_ip_bsp/\libhal_bsp.a(alt_irq_handler.o)
                                        0x19c (size before relaxing)
 .debug_str     0x0000000000000fbd       0x17 C:/Users/leona/Desktop/led_sandbox/software/test_matrix_ip_bsp/\libhal_bsp.a(alt_irq_vars.o)
                                        0x13f (size before relaxing)
 .debug_str     0x0000000000000fd4       0x2f C:/Users/leona/Desktop/led_sandbox/software/test_matrix_ip_bsp/\libhal_bsp.a(alt_open.o)
                                        0x250 (size before relaxing)
 .debug_str     0x0000000000001003       0x28 C:/Users/leona/Desktop/led_sandbox/software/test_matrix_ip_bsp/\libhal_bsp.a(alt_release_fd.o)
                                        0x1d8 (size before relaxing)
 .debug_str     0x000000000000102b       0x4a C:/Users/leona/Desktop/led_sandbox/software/test_matrix_ip_bsp/\libhal_bsp.a(alt_tick.o)
                                        0x257 (size before relaxing)
 .debug_str     0x0000000000001075       0x3b C:/Users/leona/Desktop/led_sandbox/software/test_matrix_ip_bsp/\libhal_bsp.a(altera_nios2_gen2_irq.o)
                                        0x161 (size before relaxing)
 .debug_str     0x00000000000010b0       0x26 C:/Users/leona/Desktop/led_sandbox/software/test_matrix_ip_bsp/\libhal_bsp.a(alt_find_file.o)
                                        0x1ff (size before relaxing)
 .debug_str     0x00000000000010d6       0x30 C:/Users/leona/Desktop/led_sandbox/software/test_matrix_ip_bsp/\libhal_bsp.a(alt_get_fd.o)
                                        0x221 (size before relaxing)
 .debug_str     0x0000000000001106      0x48b C:/Users/leona/Desktop/led_sandbox/software/test_matrix_ip_bsp/\libhal_bsp.a(alt_instruction_exception_entry.o)
                                        0x5a5 (size before relaxing)
 .debug_str     0x0000000000001591      0x17c c:/intelfpga_lite/18.1/nios2eds/bin/gnu/h-x86_64-mingw32/bin/../lib/gcc/nios2-elf/5.3.0/../../../../../H-x86_64-mingw32/nios2-elf/lib/mno-hw-mul\libc.a(lib_a-atexit.o)
                                        0x221 (size before relaxing)
 .debug_str     0x000000000000170d      0x3a2 c:/intelfpga_lite/18.1/nios2eds/bin/gnu/h-x86_64-mingw32/bin/../lib/gcc/nios2-elf/5.3.0/../../../../../H-x86_64-mingw32/nios2-elf/lib/mno-hw-mul\libc.a(lib_a-exit.o)
                                        0x5be (size before relaxing)